current directory: /home/alex/Desktop/school_of_magic_api/vendor/bundle/ruby/3.1.0/gems/rbs-3.10.2/ext/rbs_extension
/home/alex/.rbenv/versions/3.1.2/bin/ruby -I /home/alex/.rbenv/versions/3.1.2/lib/ruby/3.1.0 -r ./siteconf20260111-18172-cdyl2o.rb extconf.rb
checking for whether -std=gnu99 is accepted as CFLAGS... yes
checking for whether -Wimplicit-fallthrough is accepted as CFLAGS... yes
checking for whether -Wunused-result is accepted as CFLAGS... yes
checking for whether -Wc++-compat is accepted as CFLAGS... no
checking for whether -DNDEBUG is accepted as CFLAGS... yes
creating Makefile

current directory: /home/alex/Desktop/school_of_magic_api/vendor/bundle/ruby/3.1.0/gems/rbs-3.10.2/ext/rbs_extension
make DESTDIR\= clean

current directory: /home/alex/Desktop/school_of_magic_api/vendor/bundle/ruby/3.1.0/gems/rbs-3.10.2/ext/rbs_extension
make DESTDIR\=
compiling ./../../src/ast.c
compiling ./../../src/lexer.c
compiling ./../../src/lexstate.c
compiling ./../../src/location.c
compiling ./../../src/parser.c
compiling ./../../src/string.c
compiling ./../../src/util/rbs_allocator.c
compiling ./../../src/util/rbs_assert.c
compiling ./../../src/util/rbs_buffer.c
compiling ./../../src/util/rbs_constant_pool.c
compiling ./../../src/util/rbs_encoding.c
compiling ./../../src/util/rbs_unescape.c
compiling ast_translation.c
compiling class_constants.c
compiling legacy_location.c
compiling main.c
compiling rbs_string_bridging.c
linking shared-object rbs_extension.so

current directory: /home/alex/Desktop/school_of_magic_api/vendor/bundle/ruby/3.1.0/gems/rbs-3.10.2/ext/rbs_extension
make DESTDIR\= install
/usr/bin/install -c -m 0755 rbs_extension.so ./.gem.20260111-18172-abe14a
