block in append_cflags: checking for whether -std=gnu99 is accepted as CFLAGS... -------------------- yes

LD_LIBRARY_PATH=.:/home/alex/.rbenv/versions/3.1.7/lib "gcc -o conftest -I/home/alex/.rbenv/versions/3.1.7/include/ruby-3.1.0/x86_64-linux -I/home/alex/.rbenv/versions/3.1.7/include/ruby-3.1.0/ruby/backward -I/home/alex/.rbenv/versions/3.1.7/include/ruby-3.1.0 -I. -I./../../include    -O3 -fno-fast-math -ggdb3 -Wall -Wextra -Wdeprecated-declarations -Wduplicated-cond -Wimplicit-function-declaration -Wimplicit-int -Wmisleading-indentation -Wpointer-arith -Wwrite-strings -Wold-style-definition -Wimplicit-fallthrough=0 -Wmissing-noreturn -Wno-cast-function-type -Wno-constant-logical-operand -Wno-long-long -Wno-missing-field-initializers -Wno-overlength-strings -Wno-packed-bitfield-compat -Wno-parentheses-equality -Wno-self-assign -Wno-tautological-compare -Wno-unused-parameter -Wno-unused-value -Wsuggest-attribute=format -Wsuggest-attribute=noreturn -Wunused-variable -Wundef  -fPIC conftest.c  -L. -L/home/alex/.rbenv/versions/3.1.7/lib -Wl,-rpath,/home/alex/.rbenv/versions/3.1.7/lib -L. -fstack-protector-strong -rdynamic -Wl,-export-dynamic -Wl,--no-as-needed     -Wl,-rpath,/home/alex/.rbenv/versions/3.1.7/lib -L/home/alex/.rbenv/versions/3.1.7/lib -lruby  -lm  -lc"
checked program was:
/* begin */
1: #include "ruby.h"
2: 
3: int main(int argc, char **argv)
4: {
5:   return !!argv[argc];
6: }
/* end */

LD_LIBRARY_PATH=.:/home/alex/.rbenv/versions/3.1.7/lib "gcc -I/home/alex/.rbenv/versions/3.1.7/include/ruby-3.1.0/x86_64-linux -I/home/alex/.rbenv/versions/3.1.7/include/ruby-3.1.0/ruby/backward -I/home/alex/.rbenv/versions/3.1.7/include/ruby-3.1.0 -I. -I./../../include    -O3 -fno-fast-math -ggdb3 -Wall -Wextra -Wdeprecated-declarations -Wduplicated-cond -Wimplicit-function-declaration -Wimplicit-int -Wmisleading-indentation -Wpointer-arith -Wwrite-strings -Wold-style-definition -Wimplicit-fallthrough=0 -Wmissing-noreturn -Wno-cast-function-type -Wno-constant-logical-operand -Wno-long-long -Wno-missing-field-initializers -Wno-overlength-strings -Wno-packed-bitfield-compat -Wno-parentheses-equality -Wno-self-assign -Wno-tautological-compare -Wno-unused-parameter -Wno-unused-value -Wsuggest-attribute=format -Wsuggest-attribute=noreturn -Wunused-variable -Wundef  -fPIC  -std=gnu99 -Werror -c conftest.c"
checked program was:
/* begin */
1: #include "ruby.h"
2: 
3: int main(int argc, char **argv)
4: {
5:   return !!argv[argc];
6: }
/* end */

--------------------

block in append_cflags: checking for whether -Wimplicit-fallthrough is accepted as CFLAGS... -------------------- yes

LD_LIBRARY_PATH=.:/home/alex/.rbenv/versions/3.1.7/lib "gcc -I/home/alex/.rbenv/versions/3.1.7/include/ruby-3.1.0/x86_64-linux -I/home/alex/.rbenv/versions/3.1.7/include/ruby-3.1.0/ruby/backward -I/home/alex/.rbenv/versions/3.1.7/include/ruby-3.1.0 -I. -I./../../include    -O3 -fno-fast-math -ggdb3 -Wall -Wextra -Wdeprecated-declarations -Wduplicated-cond -Wimplicit-function-declaration -Wimplicit-int -Wmisleading-indentation -Wpointer-arith -Wwrite-strings -Wold-style-definition -Wimplicit-fallthrough=0 -Wmissing-noreturn -Wno-cast-function-type -Wno-constant-logical-operand -Wno-long-long -Wno-missing-field-initializers -Wno-overlength-strings -Wno-packed-bitfield-compat -Wno-parentheses-equality -Wno-self-assign -Wno-tautological-compare -Wno-unused-parameter -Wno-unused-value -Wsuggest-attribute=format -Wsuggest-attribute=noreturn -Wunused-variable -Wundef  -fPIC -std=gnu99  -Wimplicit-fallthrough -Werror -c conftest.c"
checked program was:
/* begin */
1: #include "ruby.h"
2: 
3: int main(int argc, char **argv)
4: {
5:   return !!argv[argc];
6: }
/* end */

--------------------

block in append_cflags: checking for whether -Wunused-result is accepted as CFLAGS... -------------------- yes

LD_LIBRARY_PATH=.:/home/alex/.rbenv/versions/3.1.7/lib "gcc -I/home/alex/.rbenv/versions/3.1.7/include/ruby-3.1.0/x86_64-linux -I/home/alex/.rbenv/versions/3.1.7/include/ruby-3.1.0/ruby/backward -I/home/alex/.rbenv/versions/3.1.7/include/ruby-3.1.0 -I. -I./../../include    -O3 -fno-fast-math -ggdb3 -Wall -Wextra -Wdeprecated-declarations -Wduplicated-cond -Wimplicit-function-declaration -Wimplicit-int -Wmisleading-indentation -Wpointer-arith -Wwrite-strings -Wold-style-definition -Wimplicit-fallthrough=0 -Wmissing-noreturn -Wno-cast-function-type -Wno-constant-logical-operand -Wno-long-long -Wno-missing-field-initializers -Wno-overlength-strings -Wno-packed-bitfield-compat -Wno-parentheses-equality -Wno-self-assign -Wno-tautological-compare -Wno-unused-parameter -Wno-unused-value -Wsuggest-attribute=format -Wsuggest-attribute=noreturn -Wunused-variable -Wundef  -fPIC -std=gnu99 -Wimplicit-fallthrough  -Wunused-result -Werror -c conftest.c"
checked program was:
/* begin */
1: #include "ruby.h"
2: 
3: int main(int argc, char **argv)
4: {
5:   return !!argv[argc];
6: }
/* end */

--------------------

block in append_cflags: checking for whether -Wc++-compat is accepted as CFLAGS... -------------------- no

LD_LIBRARY_PATH=.:/home/alex/.rbenv/versions/3.1.7/lib "gcc -I/home/alex/.rbenv/versions/3.1.7/include/ruby-3.1.0/x86_64-linux -I/home/alex/.rbenv/versions/3.1.7/include/ruby-3.1.0/ruby/backward -I/home/alex/.rbenv/versions/3.1.7/include/ruby-3.1.0 -I. -I./../../include    -O3 -fno-fast-math -ggdb3 -Wall -Wextra -Wdeprecated-declarations -Wduplicated-cond -Wimplicit-function-declaration -Wimplicit-int -Wmisleading-indentation -Wpointer-arith -Wwrite-strings -Wold-style-definition -Wimplicit-fallthrough=0 -Wmissing-noreturn -Wno-cast-function-type -Wno-constant-logical-operand -Wno-long-long -Wno-missing-field-initializers -Wno-overlength-strings -Wno-packed-bitfield-compat -Wno-parentheses-equality -Wno-self-assign -Wno-tautological-compare -Wno-unused-parameter -Wno-unused-value -Wsuggest-attribute=format -Wsuggest-attribute=noreturn -Wunused-variable -Wundef  -fPIC -std=gnu99 -Wimplicit-fallthrough -Wunused-result  -Wc++-compat -Werror -c conftest.c"
In file included from /home/alex/.rbenv/versions/3.1.7/include/ruby-3.1.0/ruby/internal/arithmetic/char.h:29,
                 from /home/alex/.rbenv/versions/3.1.7/include/ruby-3.1.0/ruby/internal/arithmetic.h:23,
                 from /home/alex/.rbenv/versions/3.1.7/include/ruby-3.1.0/ruby/ruby.h:27,
                 from /home/alex/.rbenv/versions/3.1.7/include/ruby-3.1.0/ruby.h:38,
                 from conftest.c:1:
/home/alex/.rbenv/versions/3.1.7/include/ruby-3.1.0/ruby/internal/core/rstring.h: In function ‘rbimpl_rstring_getmem’:
/home/alex/.rbenv/versions/3.1.7/include/ruby-3.1.0/ruby/internal/core/rstring.h:464:24: error: uninitialized const member in ‘struct RString’ is invalid in C++ [-Werror=c++-compat]
  464 |         struct RString retval;
      |                        ^~~~~~
In file included from /home/alex/.rbenv/versions/3.1.7/include/ruby-3.1.0/ruby/internal/core/rstring.h:28,
                 from /home/alex/.rbenv/versions/3.1.7/include/ruby-3.1.0/ruby/internal/arithmetic/char.h:29,
                 from /home/alex/.rbenv/versions/3.1.7/include/ruby-3.1.0/ruby/internal/arithmetic.h:23,
                 from /home/alex/.rbenv/versions/3.1.7/include/ruby-3.1.0/ruby/ruby.h:27,
                 from /home/alex/.rbenv/versions/3.1.7/include/ruby-3.1.0/ruby.h:38,
                 from conftest.c:1:
/home/alex/.rbenv/versions/3.1.7/include/ruby-3.1.0/ruby/internal/core/rbasic.h:88:17: note: ‘klass’ should be initialized
   88 |     const VALUE klass;
      |                 ^~~~~
conftest.c: At top level:
cc1: note: unrecognized command-line option ‘-Wno-self-assign’ may have been intended to silence earlier diagnostics
cc1: note: unrecognized command-line option ‘-Wno-parentheses-equality’ may have been intended to silence earlier diagnostics
cc1: note: unrecognized command-line option ‘-Wno-constant-logical-operand’ may have been intended to silence earlier diagnostics
cc1: all warnings being treated as errors
checked program was:
/* begin */
1: #include "ruby.h"
2: 
3: int main(int argc, char **argv)
4: {
5:   return !!argv[argc];
6: }
/* end */

--------------------

block in append_cflags: checking for whether -DNDEBUG is accepted as CFLAGS... -------------------- yes

LD_LIBRARY_PATH=.:/home/alex/.rbenv/versions/3.1.7/lib "gcc -I/home/alex/.rbenv/versions/3.1.7/include/ruby-3.1.0/x86_64-linux -I/home/alex/.rbenv/versions/3.1.7/include/ruby-3.1.0/ruby/backward -I/home/alex/.rbenv/versions/3.1.7/include/ruby-3.1.0 -I. -I./../../include    -O3 -fno-fast-math -ggdb3 -Wall -Wextra -Wdeprecated-declarations -Wduplicated-cond -Wimplicit-function-declaration -Wimplicit-int -Wmisleading-indentation -Wpointer-arith -Wwrite-strings -Wold-style-definition -Wimplicit-fallthrough=0 -Wmissing-noreturn -Wno-cast-function-type -Wno-constant-logical-operand -Wno-long-long -Wno-missing-field-initializers -Wno-overlength-strings -Wno-packed-bitfield-compat -Wno-parentheses-equality -Wno-self-assign -Wno-tautological-compare -Wno-unused-parameter -Wno-unused-value -Wsuggest-attribute=format -Wsuggest-attribute=noreturn -Wunused-variable -Wundef  -fPIC -std=gnu99 -Wimplicit-fallthrough -Wunused-result  -DNDEBUG -Werror -c conftest.c"
checked program was:
/* begin */
1: #include "ruby.h"
2: 
3: int main(int argc, char **argv)
4: {
5:   return !!argv[argc];
6: }
/* end */

--------------------

