find_executable: checking for pg_config... -------------------- yes

--------------------

find_header: checking for libpq-fe.h... -------------------- yes

LD_LIBRARY_PATH=.:/home/alex/.rbenv/versions/3.1.2/lib "gcc -o conftest -I/home/alex/.rbenv/versions/3.1.2/include/ruby-3.1.0/x86_64-linux -I/home/alex/.rbenv/versions/3.1.2/include/ruby-3.1.0/ruby/backward -I/home/alex/.rbenv/versions/3.1.2/include/ruby-3.1.0 -I. -I/usr/include/postgresql    -O3 -fno-fast-math -ggdb3 -Wall -Wextra -Wdeprecated-declarations -Wduplicated-cond -Wimplicit-function-declaration -Wimplicit-int -Wmisleading-indentation -Wpointer-arith -Wwrite-strings -Wimplicit-fallthrough=0 -Wmissing-noreturn -Wno-cast-function-type -Wno-constant-logical-operand -Wno-long-long -Wno-missing-field-initializers -Wno-overlength-strings -Wno-packed-bitfield-compat -Wno-parentheses-equality -Wno-self-assign -Wno-tautological-compare -Wno-unused-parameter -Wno-unused-value -Wsuggest-attribute=format -Wsuggest-attribute=noreturn -Wunused-variable -Wundef  -fPIC conftest.c  -L. -L/home/alex/.rbenv/versions/3.1.2/lib -Wl,-rpath,/home/alex/.rbenv/versions/3.1.2/lib -L/usr/lib/x86_64-linux-gnu -Wl,-rpath,/usr/lib/x86_64-linux-gnu -L. -fstack-protector-strong -rdynamic -Wl,-export-dynamic -Wl,--no-as-needed     -Wl,-rpath,/home/alex/.rbenv/versions/3.1.2/lib -L/home/alex/.rbenv/versions/3.1.2/lib -lruby  -lm  -lc"
checked program was:
/* begin */
1: #include "ruby.h"
2: 
3: int main(int argc, char **argv)
4: {
5:   return !!argv[argc];
6: }
/* end */

LD_LIBRARY_PATH=.:/home/alex/.rbenv/versions/3.1.2/lib "gcc -I/home/alex/.rbenv/versions/3.1.2/include/ruby-3.1.0/x86_64-linux -I/home/alex/.rbenv/versions/3.1.2/include/ruby-3.1.0/ruby/backward -I/home/alex/.rbenv/versions/3.1.2/include/ruby-3.1.0 -I. -I/usr/include/postgresql    -O3 -fno-fast-math -ggdb3 -Wall -Wextra -Wdeprecated-declarations -Wduplicated-cond -Wimplicit-function-declaration -Wimplicit-int -Wmisleading-indentation -Wpointer-arith -Wwrite-strings -Wimplicit-fallthrough=0 -Wmissing-noreturn -Wno-cast-function-type -Wno-constant-logical-operand -Wno-long-long -Wno-missing-field-initializers -Wno-overlength-strings -Wno-packed-bitfield-compat -Wno-parentheses-equality -Wno-self-assign -Wno-tautological-compare -Wno-unused-parameter -Wno-unused-value -Wsuggest-attribute=format -Wsuggest-attribute=noreturn -Wunused-variable -Wundef  -fPIC   -c conftest.c"
checked program was:
/* begin */
1: #include "ruby.h"
2: 
3: #include <libpq-fe.h>
/* end */

--------------------

find_header: checking for libpq/libpq-fs.h... -------------------- yes

LD_LIBRARY_PATH=.:/home/alex/.rbenv/versions/3.1.2/lib "gcc -I/home/alex/.rbenv/versions/3.1.2/include/ruby-3.1.0/x86_64-linux -I/home/alex/.rbenv/versions/3.1.2/include/ruby-3.1.0/ruby/backward -I/home/alex/.rbenv/versions/3.1.2/include/ruby-3.1.0 -I. -I/usr/include/postgresql    -O3 -fno-fast-math -ggdb3 -Wall -Wextra -Wdeprecated-declarations -Wduplicated-cond -Wimplicit-function-declaration -Wimplicit-int -Wmisleading-indentation -Wpointer-arith -Wwrite-strings -Wimplicit-fallthrough=0 -Wmissing-noreturn -Wno-cast-function-type -Wno-constant-logical-operand -Wno-long-long -Wno-missing-field-initializers -Wno-overlength-strings -Wno-packed-bitfield-compat -Wno-parentheses-equality -Wno-self-assign -Wno-tautological-compare -Wno-unused-parameter -Wno-unused-value -Wsuggest-attribute=format -Wsuggest-attribute=noreturn -Wunused-variable -Wundef  -fPIC   -c conftest.c"
checked program was:
/* begin */
1: #include "ruby.h"
2: 
3: #include <libpq/libpq-fs.h>
/* end */

--------------------

find_header: checking for pg_config_manual.h... -------------------- yes

LD_LIBRARY_PATH=.:/home/alex/.rbenv/versions/3.1.2/lib "gcc -I/home/alex/.rbenv/versions/3.1.2/include/ruby-3.1.0/x86_64-linux -I/home/alex/.rbenv/versions/3.1.2/include/ruby-3.1.0/ruby/backward -I/home/alex/.rbenv/versions/3.1.2/include/ruby-3.1.0 -I. -I/usr/include/postgresql    -O3 -fno-fast-math -ggdb3 -Wall -Wextra -Wdeprecated-declarations -Wduplicated-cond -Wimplicit-function-declaration -Wimplicit-int -Wmisleading-indentation -Wpointer-arith -Wwrite-strings -Wimplicit-fallthrough=0 -Wmissing-noreturn -Wno-cast-function-type -Wno-constant-logical-operand -Wno-long-long -Wno-missing-field-initializers -Wno-overlength-strings -Wno-packed-bitfield-compat -Wno-parentheses-equality -Wno-self-assign -Wno-tautological-compare -Wno-unused-parameter -Wno-unused-value -Wsuggest-attribute=format -Wsuggest-attribute=noreturn -Wunused-variable -Wundef  -fPIC   -c conftest.c"
In file included from conftest.c:3:
/usr/include/postgresql/pg_config_manual.h:68:5: warning: "SIZEOF_VOID_P" is not defined, evaluates to 0 [-Wundef]
   68 | #if SIZEOF_VOID_P >= 8
      |     ^~~~~~~~~~~~~
/usr/include/postgresql/pg_config_manual.h:151:5: warning: "HAVE_DECL_POSIX_FADVISE" is not defined, evaluates to 0 [-Wundef]
  151 | #if HAVE_DECL_POSIX_FADVISE && defined(HAVE_POSIX_FADVISE)
      |     ^~~~~~~~~~~~~~~~~~~~~~~
cc1: note: unrecognized command-line option ‘-Wno-self-assign’ may have been intended to silence earlier diagnostics
cc1: note: unrecognized command-line option ‘-Wno-parentheses-equality’ may have been intended to silence earlier diagnostics
cc1: note: unrecognized command-line option ‘-Wno-constant-logical-operand’ may have been intended to silence earlier diagnostics
checked program was:
/* begin */
1: #include "ruby.h"
2: 
3: #include <pg_config_manual.h>
/* end */

--------------------

have_library: checking for PQconnectdb() in -lpq... -------------------- yes

LD_LIBRARY_PATH=.:/home/alex/.rbenv/versions/3.1.2/lib "gcc -o conftest -I/home/alex/.rbenv/versions/3.1.2/include/ruby-3.1.0/x86_64-linux -I/home/alex/.rbenv/versions/3.1.2/include/ruby-3.1.0/ruby/backward -I/home/alex/.rbenv/versions/3.1.2/include/ruby-3.1.0 -I. -I/usr/include/postgresql    -O3 -fno-fast-math -ggdb3 -Wall -Wextra -Wdeprecated-declarations -Wduplicated-cond -Wimplicit-function-declaration -Wimplicit-int -Wmisleading-indentation -Wpointer-arith -Wwrite-strings -Wimplicit-fallthrough=0 -Wmissing-noreturn -Wno-cast-function-type -Wno-constant-logical-operand -Wno-long-long -Wno-missing-field-initializers -Wno-overlength-strings -Wno-packed-bitfield-compat -Wno-parentheses-equality -Wno-self-assign -Wno-tautological-compare -Wno-unused-parameter -Wno-unused-value -Wsuggest-attribute=format -Wsuggest-attribute=noreturn -Wunused-variable -Wundef  -fPIC conftest.c  -L. -L/home/alex/.rbenv/versions/3.1.2/lib -Wl,-rpath,/home/alex/.rbenv/versions/3.1.2/lib -L/usr/lib/x86_64-linux-gnu -Wl,-rpath,/usr/lib/x86_64-linux-gnu -L. -fstack-protector-strong -rdynamic -Wl,-export-dynamic -Wl,--no-as-needed     -Wl,-rpath,/home/alex/.rbenv/versions/3.1.2/lib -L/home/alex/.rbenv/versions/3.1.2/lib -lruby -lpq  -lm  -lc"
checked program was:
/* begin */
 1: #include "ruby.h"
 2: 
 3: #include <libpq-fe.h>
 4: 
 5: /*top*/
 6: extern int t(void);
 7: int main(int argc, char **argv)
 8: {
 9:   if (argc > 1000000) {
10:     int (* volatile tp)(void)=(int (*)(void))&t;
11:     printf("%d", (*tp)());
12:   }
13: 
14:   return !!argv[argc];
15: }
16: int t(void) { void ((*volatile p)()); p = (void ((*)()))PQconnectdb; return !p; }
/* end */

--------------------

have_func: checking for PQencryptPasswordConn() in libpq-fe.h... -------------------- yes

LD_LIBRARY_PATH=.:/home/alex/.rbenv/versions/3.1.2/lib "gcc -o conftest -I/home/alex/.rbenv/versions/3.1.2/include/ruby-3.1.0/x86_64-linux -I/home/alex/.rbenv/versions/3.1.2/include/ruby-3.1.0/ruby/backward -I/home/alex/.rbenv/versions/3.1.2/include/ruby-3.1.0 -I. -I/usr/include/postgresql    -O3 -fno-fast-math -ggdb3 -Wall -Wextra -Wdeprecated-declarations -Wduplicated-cond -Wimplicit-function-declaration -Wimplicit-int -Wmisleading-indentation -Wpointer-arith -Wwrite-strings -Wimplicit-fallthrough=0 -Wmissing-noreturn -Wno-cast-function-type -Wno-constant-logical-operand -Wno-long-long -Wno-missing-field-initializers -Wno-overlength-strings -Wno-packed-bitfield-compat -Wno-parentheses-equality -Wno-self-assign -Wno-tautological-compare -Wno-unused-parameter -Wno-unused-value -Wsuggest-attribute=format -Wsuggest-attribute=noreturn -Wunused-variable -Wundef  -fPIC conftest.c  -L. -L/home/alex/.rbenv/versions/3.1.2/lib -Wl,-rpath,/home/alex/.rbenv/versions/3.1.2/lib -L/usr/lib/x86_64-linux-gnu -Wl,-rpath,/usr/lib/x86_64-linux-gnu -L. -fstack-protector-strong -rdynamic -Wl,-export-dynamic -Wl,--no-as-needed    -lpq  -Wl,-rpath,/home/alex/.rbenv/versions/3.1.2/lib -L/home/alex/.rbenv/versions/3.1.2/lib -lruby -lpq  -lm  -lc"
checked program was:
/* begin */
 1: #include "ruby.h"
 2: 
 3: #include <libpq-fe.h>
 4: 
 5: /*top*/
 6: extern int t(void);
 7: int main(int argc, char **argv)
 8: {
 9:   if (argc > 1000000) {
10:     int (* volatile tp)(void)=(int (*)(void))&t;
11:     printf("%d", (*tp)());
12:   }
13: 
14:   return !!argv[argc];
15: }
16: int t(void) { void ((*volatile p)()); p = (void ((*)()))PQencryptPasswordConn; return !p; }
/* end */

--------------------

have_func: checking for PQresultMemorySize() in libpq-fe.h... -------------------- yes

LD_LIBRARY_PATH=.:/home/alex/.rbenv/versions/3.1.2/lib "gcc -o conftest -I/home/alex/.rbenv/versions/3.1.2/include/ruby-3.1.0/x86_64-linux -I/home/alex/.rbenv/versions/3.1.2/include/ruby-3.1.0/ruby/backward -I/home/alex/.rbenv/versions/3.1.2/include/ruby-3.1.0 -I. -I/usr/include/postgresql    -O3 -fno-fast-math -ggdb3 -Wall -Wextra -Wdeprecated-declarations -Wduplicated-cond -Wimplicit-function-declaration -Wimplicit-int -Wmisleading-indentation -Wpointer-arith -Wwrite-strings -Wimplicit-fallthrough=0 -Wmissing-noreturn -Wno-cast-function-type -Wno-constant-logical-operand -Wno-long-long -Wno-missing-field-initializers -Wno-overlength-strings -Wno-packed-bitfield-compat -Wno-parentheses-equality -Wno-self-assign -Wno-tautological-compare -Wno-unused-parameter -Wno-unused-value -Wsuggest-attribute=format -Wsuggest-attribute=noreturn -Wunused-variable -Wundef  -fPIC conftest.c  -L. -L/home/alex/.rbenv/versions/3.1.2/lib -Wl,-rpath,/home/alex/.rbenv/versions/3.1.2/lib -L/usr/lib/x86_64-linux-gnu -Wl,-rpath,/usr/lib/x86_64-linux-gnu -L. -fstack-protector-strong -rdynamic -Wl,-export-dynamic -Wl,--no-as-needed    -lpq  -Wl,-rpath,/home/alex/.rbenv/versions/3.1.2/lib -L/home/alex/.rbenv/versions/3.1.2/lib -lruby -lpq  -lm  -lc"
checked program was:
/* begin */
 1: #include "ruby.h"
 2: 
 3: #include <libpq-fe.h>
 4: 
 5: /*top*/
 6: extern int t(void);
 7: int main(int argc, char **argv)
 8: {
 9:   if (argc > 1000000) {
10:     int (* volatile tp)(void)=(int (*)(void))&t;
11:     printf("%d", (*tp)());
12:   }
13: 
14:   return !!argv[argc];
15: }
16: int t(void) { void ((*volatile p)()); p = (void ((*)()))PQresultMemorySize; return !p; }
/* end */

--------------------

have_func: checking for PQenterPipelineMode() in libpq-fe.h... -------------------- yes

LD_LIBRARY_PATH=.:/home/alex/.rbenv/versions/3.1.2/lib "gcc -o conftest -I/home/alex/.rbenv/versions/3.1.2/include/ruby-3.1.0/x86_64-linux -I/home/alex/.rbenv/versions/3.1.2/include/ruby-3.1.0/ruby/backward -I/home/alex/.rbenv/versions/3.1.2/include/ruby-3.1.0 -I. -I/usr/include/postgresql    -O3 -fno-fast-math -ggdb3 -Wall -Wextra -Wdeprecated-declarations -Wduplicated-cond -Wimplicit-function-declaration -Wimplicit-int -Wmisleading-indentation -Wpointer-arith -Wwrite-strings -Wimplicit-fallthrough=0 -Wmissing-noreturn -Wno-cast-function-type -Wno-constant-logical-operand -Wno-long-long -Wno-missing-field-initializers -Wno-overlength-strings -Wno-packed-bitfield-compat -Wno-parentheses-equality -Wno-self-assign -Wno-tautological-compare -Wno-unused-parameter -Wno-unused-value -Wsuggest-attribute=format -Wsuggest-attribute=noreturn -Wunused-variable -Wundef  -fPIC conftest.c  -L. -L/home/alex/.rbenv/versions/3.1.2/lib -Wl,-rpath,/home/alex/.rbenv/versions/3.1.2/lib -L/usr/lib/x86_64-linux-gnu -Wl,-rpath,/usr/lib/x86_64-linux-gnu -L. -fstack-protector-strong -rdynamic -Wl,-export-dynamic -Wl,--no-as-needed    -lpq  -Wl,-rpath,/home/alex/.rbenv/versions/3.1.2/lib -L/home/alex/.rbenv/versions/3.1.2/lib -lruby -lpq  -lm  -lc"
checked program was:
/* begin */
 1: #include "ruby.h"
 2: 
 3: #include <libpq-fe.h>
 4: 
 5: /*top*/
 6: extern int t(void);
 7: int main(int argc, char **argv)
 8: {
 9:   if (argc > 1000000) {
10:     int (* volatile tp)(void)=(int (*)(void))&t;
11:     printf("%d", (*tp)());
12:   }
13: 
14:   return !!argv[argc];
15: }
16: int t(void) { void ((*volatile p)()); p = (void ((*)()))PQenterPipelineMode; return !p; }
17:  int con(){ return PGRES_PIPELINE_SYNC; }
/* end */

--------------------

have_func: checking for PQsetChunkedRowsMode() in libpq-fe.h... -------------------- no

LD_LIBRARY_PATH=.:/home/alex/.rbenv/versions/3.1.2/lib "gcc -o conftest -I/home/alex/.rbenv/versions/3.1.2/include/ruby-3.1.0/x86_64-linux -I/home/alex/.rbenv/versions/3.1.2/include/ruby-3.1.0/ruby/backward -I/home/alex/.rbenv/versions/3.1.2/include/ruby-3.1.0 -I. -I/usr/include/postgresql    -O3 -fno-fast-math -ggdb3 -Wall -Wextra -Wdeprecated-declarations -Wduplicated-cond -Wimplicit-function-declaration -Wimplicit-int -Wmisleading-indentation -Wpointer-arith -Wwrite-strings -Wimplicit-fallthrough=0 -Wmissing-noreturn -Wno-cast-function-type -Wno-constant-logical-operand -Wno-long-long -Wno-missing-field-initializers -Wno-overlength-strings -Wno-packed-bitfield-compat -Wno-parentheses-equality -Wno-self-assign -Wno-tautological-compare -Wno-unused-parameter -Wno-unused-value -Wsuggest-attribute=format -Wsuggest-attribute=noreturn -Wunused-variable -Wundef  -fPIC conftest.c  -L. -L/home/alex/.rbenv/versions/3.1.2/lib -Wl,-rpath,/home/alex/.rbenv/versions/3.1.2/lib -L/usr/lib/x86_64-linux-gnu -Wl,-rpath,/usr/lib/x86_64-linux-gnu -L. -fstack-protector-strong -rdynamic -Wl,-export-dynamic -Wl,--no-as-needed    -lpq  -Wl,-rpath,/home/alex/.rbenv/versions/3.1.2/lib -L/home/alex/.rbenv/versions/3.1.2/lib -lruby -lpq  -lm  -lc"
conftest.c: In function ‘t’:
conftest.c:16:57: error: ‘PQsetChunkedRowsMode’ undeclared (first use in this function); did you mean ‘PQsetSingleRowMode’?
   16 | int t(void) { void ((*volatile p)()); p = (void ((*)()))PQsetChunkedRowsMode; return !p; }
      |                                                         ^~~~~~~~~~~~~~~~~~~~
      |                                                         PQsetSingleRowMode
conftest.c:16:57: note: each undeclared identifier is reported only once for each function it appears in
conftest.c: At top level:
cc1: note: unrecognized command-line option ‘-Wno-self-assign’ may have been intended to silence earlier diagnostics
cc1: note: unrecognized command-line option ‘-Wno-parentheses-equality’ may have been intended to silence earlier diagnostics
cc1: note: unrecognized command-line option ‘-Wno-constant-logical-operand’ may have been intended to silence earlier diagnostics
checked program was:
/* begin */
 1: #include "ruby.h"
 2: 
 3: #include <libpq-fe.h>
 4: 
 5: /*top*/
 6: extern int t(void);
 7: int main(int argc, char **argv)
 8: {
 9:   if (argc > 1000000) {
10:     int (* volatile tp)(void)=(int (*)(void))&t;
11:     printf("%d", (*tp)());
12:   }
13: 
14:   return !!argv[argc];
15: }
16: int t(void) { void ((*volatile p)()); p = (void ((*)()))PQsetChunkedRowsMode; return !p; }
/* end */

LD_LIBRARY_PATH=.:/home/alex/.rbenv/versions/3.1.2/lib "gcc -o conftest -I/home/alex/.rbenv/versions/3.1.2/include/ruby-3.1.0/x86_64-linux -I/home/alex/.rbenv/versions/3.1.2/include/ruby-3.1.0/ruby/backward -I/home/alex/.rbenv/versions/3.1.2/include/ruby-3.1.0 -I. -I/usr/include/postgresql    -O3 -fno-fast-math -ggdb3 -Wall -Wextra -Wdeprecated-declarations -Wduplicated-cond -Wimplicit-function-declaration -Wimplicit-int -Wmisleading-indentation -Wpointer-arith -Wwrite-strings -Wimplicit-fallthrough=0 -Wmissing-noreturn -Wno-cast-function-type -Wno-constant-logical-operand -Wno-long-long -Wno-missing-field-initializers -Wno-overlength-strings -Wno-packed-bitfield-compat -Wno-parentheses-equality -Wno-self-assign -Wno-tautological-compare -Wno-unused-parameter -Wno-unused-value -Wsuggest-attribute=format -Wsuggest-attribute=noreturn -Wunused-variable -Wundef  -fPIC conftest.c  -L. -L/home/alex/.rbenv/versions/3.1.2/lib -Wl,-rpath,/home/alex/.rbenv/versions/3.1.2/lib -L/usr/lib/x86_64-linux-gnu -Wl,-rpath,/usr/lib/x86_64-linux-gnu -L. -fstack-protector-strong -rdynamic -Wl,-export-dynamic -Wl,--no-as-needed    -lpq  -Wl,-rpath,/home/alex/.rbenv/versions/3.1.2/lib -L/home/alex/.rbenv/versions/3.1.2/lib -lruby -lpq  -lm  -lc"
/usr/bin/ld: /tmp/ccoOwolI.o: in function `t':
/home/alex/Desktop/school_of_magic_api/vendor/bundle/ruby/3.1.0/gems/pg-1.6.3/ext/conftest.c:17: undefined reference to `PQsetChunkedRowsMode'
collect2: error: ld returned 1 exit status
checked program was:
/* begin */
 1: #include "ruby.h"
 2: 
 3: #include <libpq-fe.h>
 4: 
 5: /*top*/
 6: extern int t(void);
 7: int main(int argc, char **argv)
 8: {
 9:   if (argc > 1000000) {
10:     int (* volatile tp)(void)=(int (*)(void))&t;
11:     printf("%d", (*tp)());
12:   }
13: 
14:   return !!argv[argc];
15: }
16: extern void PQsetChunkedRowsMode();
17: int t(void) { PQsetChunkedRowsMode(); return 0; }
/* end */

--------------------

have_func: checking for timegm()... -------------------- yes

LD_LIBRARY_PATH=.:/home/alex/.rbenv/versions/3.1.2/lib "gcc -o conftest -I/home/alex/.rbenv/versions/3.1.2/include/ruby-3.1.0/x86_64-linux -I/home/alex/.rbenv/versions/3.1.2/include/ruby-3.1.0/ruby/backward -I/home/alex/.rbenv/versions/3.1.2/include/ruby-3.1.0 -I. -I/usr/include/postgresql    -O3 -fno-fast-math -ggdb3 -Wall -Wextra -Wdeprecated-declarations -Wduplicated-cond -Wimplicit-function-declaration -Wimplicit-int -Wmisleading-indentation -Wpointer-arith -Wwrite-strings -Wimplicit-fallthrough=0 -Wmissing-noreturn -Wno-cast-function-type -Wno-constant-logical-operand -Wno-long-long -Wno-missing-field-initializers -Wno-overlength-strings -Wno-packed-bitfield-compat -Wno-parentheses-equality -Wno-self-assign -Wno-tautological-compare -Wno-unused-parameter -Wno-unused-value -Wsuggest-attribute=format -Wsuggest-attribute=noreturn -Wunused-variable -Wundef  -fPIC conftest.c  -L. -L/home/alex/.rbenv/versions/3.1.2/lib -Wl,-rpath,/home/alex/.rbenv/versions/3.1.2/lib -L/usr/lib/x86_64-linux-gnu -Wl,-rpath,/usr/lib/x86_64-linux-gnu -L. -fstack-protector-strong -rdynamic -Wl,-export-dynamic -Wl,--no-as-needed    -lpq  -Wl,-rpath,/home/alex/.rbenv/versions/3.1.2/lib -L/home/alex/.rbenv/versions/3.1.2/lib -lruby -lpq  -lm  -lc"
checked program was:
/* begin */
 1: #include "ruby.h"
 2: 
 3: /*top*/
 4: extern int t(void);
 5: int main(int argc, char **argv)
 6: {
 7:   if (argc > 1000000) {
 8:     int (* volatile tp)(void)=(int (*)(void))&t;
 9:     printf("%d", (*tp)());
10:   }
11: 
12:   return !!argv[argc];
13: }
14: int t(void) { void ((*volatile p)()); p = (void ((*)()))timegm; return !p; }
/* end */

--------------------

have_func: checking for rb_io_wait()... -------------------- yes

LD_LIBRARY_PATH=.:/home/alex/.rbenv/versions/3.1.2/lib "gcc -o conftest -I/home/alex/.rbenv/versions/3.1.2/include/ruby-3.1.0/x86_64-linux -I/home/alex/.rbenv/versions/3.1.2/include/ruby-3.1.0/ruby/backward -I/home/alex/.rbenv/versions/3.1.2/include/ruby-3.1.0 -I. -I/usr/include/postgresql    -O3 -fno-fast-math -ggdb3 -Wall -Wextra -Wdeprecated-declarations -Wduplicated-cond -Wimplicit-function-declaration -Wimplicit-int -Wmisleading-indentation -Wpointer-arith -Wwrite-strings -Wimplicit-fallthrough=0 -Wmissing-noreturn -Wno-cast-function-type -Wno-constant-logical-operand -Wno-long-long -Wno-missing-field-initializers -Wno-overlength-strings -Wno-packed-bitfield-compat -Wno-parentheses-equality -Wno-self-assign -Wno-tautological-compare -Wno-unused-parameter -Wno-unused-value -Wsuggest-attribute=format -Wsuggest-attribute=noreturn -Wunused-variable -Wundef  -fPIC conftest.c  -L. -L/home/alex/.rbenv/versions/3.1.2/lib -Wl,-rpath,/home/alex/.rbenv/versions/3.1.2/lib -L/usr/lib/x86_64-linux-gnu -Wl,-rpath,/usr/lib/x86_64-linux-gnu -L. -fstack-protector-strong -rdynamic -Wl,-export-dynamic -Wl,--no-as-needed    -lpq  -Wl,-rpath,/home/alex/.rbenv/versions/3.1.2/lib -L/home/alex/.rbenv/versions/3.1.2/lib -lruby -lpq  -lm  -lc"
conftest.c: In function ‘t’:
conftest.c:14:57: error: ‘rb_io_wait’ undeclared (first use in this function); did you mean ‘rb_io_write’?
   14 | int t(void) { void ((*volatile p)()); p = (void ((*)()))rb_io_wait; return !p; }
      |                                                         ^~~~~~~~~~
      |                                                         rb_io_write
conftest.c:14:57: note: each undeclared identifier is reported only once for each function it appears in
conftest.c: At top level:
cc1: note: unrecognized command-line option ‘-Wno-self-assign’ may have been intended to silence earlier diagnostics
cc1: note: unrecognized command-line option ‘-Wno-parentheses-equality’ may have been intended to silence earlier diagnostics
cc1: note: unrecognized command-line option ‘-Wno-constant-logical-operand’ may have been intended to silence earlier diagnostics
checked program was:
/* begin */
 1: #include "ruby.h"
 2: 
 3: /*top*/
 4: extern int t(void);
 5: int main(int argc, char **argv)
 6: {
 7:   if (argc > 1000000) {
 8:     int (* volatile tp)(void)=(int (*)(void))&t;
 9:     printf("%d", (*tp)());
10:   }
11: 
12:   return !!argv[argc];
13: }
14: int t(void) { void ((*volatile p)()); p = (void ((*)()))rb_io_wait; return !p; }
/* end */

LD_LIBRARY_PATH=.:/home/alex/.rbenv/versions/3.1.2/lib "gcc -o conftest -I/home/alex/.rbenv/versions/3.1.2/include/ruby-3.1.0/x86_64-linux -I/home/alex/.rbenv/versions/3.1.2/include/ruby-3.1.0/ruby/backward -I/home/alex/.rbenv/versions/3.1.2/include/ruby-3.1.0 -I. -I/usr/include/postgresql    -O3 -fno-fast-math -ggdb3 -Wall -Wextra -Wdeprecated-declarations -Wduplicated-cond -Wimplicit-function-declaration -Wimplicit-int -Wmisleading-indentation -Wpointer-arith -Wwrite-strings -Wimplicit-fallthrough=0 -Wmissing-noreturn -Wno-cast-function-type -Wno-constant-logical-operand -Wno-long-long -Wno-missing-field-initializers -Wno-overlength-strings -Wno-packed-bitfield-compat -Wno-parentheses-equality -Wno-self-assign -Wno-tautological-compare -Wno-unused-parameter -Wno-unused-value -Wsuggest-attribute=format -Wsuggest-attribute=noreturn -Wunused-variable -Wundef  -fPIC conftest.c  -L. -L/home/alex/.rbenv/versions/3.1.2/lib -Wl,-rpath,/home/alex/.rbenv/versions/3.1.2/lib -L/usr/lib/x86_64-linux-gnu -Wl,-rpath,/usr/lib/x86_64-linux-gnu -L. -fstack-protector-strong -rdynamic -Wl,-export-dynamic -Wl,--no-as-needed    -lpq  -Wl,-rpath,/home/alex/.rbenv/versions/3.1.2/lib -L/home/alex/.rbenv/versions/3.1.2/lib -lruby -lpq  -lm  -lc"
checked program was:
/* begin */
 1: #include "ruby.h"
 2: 
 3: /*top*/
 4: extern int t(void);
 5: int main(int argc, char **argv)
 6: {
 7:   if (argc > 1000000) {
 8:     int (* volatile tp)(void)=(int (*)(void))&t;
 9:     printf("%d", (*tp)());
10:   }
11: 
12:   return !!argv[argc];
13: }
14: extern void rb_io_wait();
15: int t(void) { rb_io_wait(); return 0; }
/* end */

--------------------

have_func: checking for rb_io_descriptor()... -------------------- yes

LD_LIBRARY_PATH=.:/home/alex/.rbenv/versions/3.1.2/lib "gcc -o conftest -I/home/alex/.rbenv/versions/3.1.2/include/ruby-3.1.0/x86_64-linux -I/home/alex/.rbenv/versions/3.1.2/include/ruby-3.1.0/ruby/backward -I/home/alex/.rbenv/versions/3.1.2/include/ruby-3.1.0 -I. -I/usr/include/postgresql    -O3 -fno-fast-math -ggdb3 -Wall -Wextra -Wdeprecated-declarations -Wduplicated-cond -Wimplicit-function-declaration -Wimplicit-int -Wmisleading-indentation -Wpointer-arith -Wwrite-strings -Wimplicit-fallthrough=0 -Wmissing-noreturn -Wno-cast-function-type -Wno-constant-logical-operand -Wno-long-long -Wno-missing-field-initializers -Wno-overlength-strings -Wno-packed-bitfield-compat -Wno-parentheses-equality -Wno-self-assign -Wno-tautological-compare -Wno-unused-parameter -Wno-unused-value -Wsuggest-attribute=format -Wsuggest-attribute=noreturn -Wunused-variable -Wundef  -fPIC conftest.c  -L. -L/home/alex/.rbenv/versions/3.1.2/lib -Wl,-rpath,/home/alex/.rbenv/versions/3.1.2/lib -L/usr/lib/x86_64-linux-gnu -Wl,-rpath,/usr/lib/x86_64-linux-gnu -L. -fstack-protector-strong -rdynamic -Wl,-export-dynamic -Wl,--no-as-needed    -lpq  -Wl,-rpath,/home/alex/.rbenv/versions/3.1.2/lib -L/home/alex/.rbenv/versions/3.1.2/lib -lruby -lpq  -lm  -lc"
conftest.c: In function ‘t’:
conftest.c:14:57: error: ‘rb_io_descriptor’ undeclared (first use in this function)
   14 | int t(void) { void ((*volatile p)()); p = (void ((*)()))rb_io_descriptor; return !p; }
      |                                                         ^~~~~~~~~~~~~~~~
conftest.c:14:57: note: each undeclared identifier is reported only once for each function it appears in
conftest.c: At top level:
cc1: note: unrecognized command-line option ‘-Wno-self-assign’ may have been intended to silence earlier diagnostics
cc1: note: unrecognized command-line option ‘-Wno-parentheses-equality’ may have been intended to silence earlier diagnostics
cc1: note: unrecognized command-line option ‘-Wno-constant-logical-operand’ may have been intended to silence earlier diagnostics
checked program was:
/* begin */
 1: #include "ruby.h"
 2: 
 3: /*top*/
 4: extern int t(void);
 5: int main(int argc, char **argv)
 6: {
 7:   if (argc > 1000000) {
 8:     int (* volatile tp)(void)=(int (*)(void))&t;
 9:     printf("%d", (*tp)());
10:   }
11: 
12:   return !!argv[argc];
13: }
14: int t(void) { void ((*volatile p)()); p = (void ((*)()))rb_io_descriptor; return !p; }
/* end */

LD_LIBRARY_PATH=.:/home/alex/.rbenv/versions/3.1.2/lib "gcc -o conftest -I/home/alex/.rbenv/versions/3.1.2/include/ruby-3.1.0/x86_64-linux -I/home/alex/.rbenv/versions/3.1.2/include/ruby-3.1.0/ruby/backward -I/home/alex/.rbenv/versions/3.1.2/include/ruby-3.1.0 -I. -I/usr/include/postgresql    -O3 -fno-fast-math -ggdb3 -Wall -Wextra -Wdeprecated-declarations -Wduplicated-cond -Wimplicit-function-declaration -Wimplicit-int -Wmisleading-indentation -Wpointer-arith -Wwrite-strings -Wimplicit-fallthrough=0 -Wmissing-noreturn -Wno-cast-function-type -Wno-constant-logical-operand -Wno-long-long -Wno-missing-field-initializers -Wno-overlength-strings -Wno-packed-bitfield-compat -Wno-parentheses-equality -Wno-self-assign -Wno-tautological-compare -Wno-unused-parameter -Wno-unused-value -Wsuggest-attribute=format -Wsuggest-attribute=noreturn -Wunused-variable -Wundef  -fPIC conftest.c  -L. -L/home/alex/.rbenv/versions/3.1.2/lib -Wl,-rpath,/home/alex/.rbenv/versions/3.1.2/lib -L/usr/lib/x86_64-linux-gnu -Wl,-rpath,/usr/lib/x86_64-linux-gnu -L. -fstack-protector-strong -rdynamic -Wl,-export-dynamic -Wl,--no-as-needed    -lpq  -Wl,-rpath,/home/alex/.rbenv/versions/3.1.2/lib -L/home/alex/.rbenv/versions/3.1.2/lib -lruby -lpq  -lm  -lc"
checked program was:
/* begin */
 1: #include "ruby.h"
 2: 
 3: /*top*/
 4: extern int t(void);
 5: int main(int argc, char **argv)
 6: {
 7:   if (argc > 1000000) {
 8:     int (* volatile tp)(void)=(int (*)(void))&t;
 9:     printf("%d", (*tp)());
10:   }
11: 
12:   return !!argv[argc];
13: }
14: extern void rb_io_descriptor();
15: int t(void) { rb_io_descriptor(); return 0; }
/* end */

--------------------

have_func: checking for rb_hash_new_capa()... -------------------- no

LD_LIBRARY_PATH=.:/home/alex/.rbenv/versions/3.1.2/lib "gcc -o conftest -I/home/alex/.rbenv/versions/3.1.2/include/ruby-3.1.0/x86_64-linux -I/home/alex/.rbenv/versions/3.1.2/include/ruby-3.1.0/ruby/backward -I/home/alex/.rbenv/versions/3.1.2/include/ruby-3.1.0 -I. -I/usr/include/postgresql    -O3 -fno-fast-math -ggdb3 -Wall -Wextra -Wdeprecated-declarations -Wduplicated-cond -Wimplicit-function-declaration -Wimplicit-int -Wmisleading-indentation -Wpointer-arith -Wwrite-strings -Wimplicit-fallthrough=0 -Wmissing-noreturn -Wno-cast-function-type -Wno-constant-logical-operand -Wno-long-long -Wno-missing-field-initializers -Wno-overlength-strings -Wno-packed-bitfield-compat -Wno-parentheses-equality -Wno-self-assign -Wno-tautological-compare -Wno-unused-parameter -Wno-unused-value -Wsuggest-attribute=format -Wsuggest-attribute=noreturn -Wunused-variable -Wundef  -fPIC conftest.c  -L. -L/home/alex/.rbenv/versions/3.1.2/lib -Wl,-rpath,/home/alex/.rbenv/versions/3.1.2/lib -L/usr/lib/x86_64-linux-gnu -Wl,-rpath,/usr/lib/x86_64-linux-gnu -L. -fstack-protector-strong -rdynamic -Wl,-export-dynamic -Wl,--no-as-needed    -lpq  -Wl,-rpath,/home/alex/.rbenv/versions/3.1.2/lib -L/home/alex/.rbenv/versions/3.1.2/lib -lruby -lpq  -lm  -lc"
conftest.c: In function ‘t’:
conftest.c:14:57: error: ‘rb_hash_new_capa’ undeclared (first use in this function); did you mean ‘rb_ary_new_capa’?
   14 | int t(void) { void ((*volatile p)()); p = (void ((*)()))rb_hash_new_capa; return !p; }
      |                                                         ^~~~~~~~~~~~~~~~
      |                                                         rb_ary_new_capa
conftest.c:14:57: note: each undeclared identifier is reported only once for each function it appears in
conftest.c: At top level:
cc1: note: unrecognized command-line option ‘-Wno-self-assign’ may have been intended to silence earlier diagnostics
cc1: note: unrecognized command-line option ‘-Wno-parentheses-equality’ may have been intended to silence earlier diagnostics
cc1: note: unrecognized command-line option ‘-Wno-constant-logical-operand’ may have been intended to silence earlier diagnostics
checked program was:
/* begin */
 1: #include "ruby.h"
 2: 
 3: /*top*/
 4: extern int t(void);
 5: int main(int argc, char **argv)
 6: {
 7:   if (argc > 1000000) {
 8:     int (* volatile tp)(void)=(int (*)(void))&t;
 9:     printf("%d", (*tp)());
10:   }
11: 
12:   return !!argv[argc];
13: }
14: int t(void) { void ((*volatile p)()); p = (void ((*)()))rb_hash_new_capa; return !p; }
/* end */

LD_LIBRARY_PATH=.:/home/alex/.rbenv/versions/3.1.2/lib "gcc -o conftest -I/home/alex/.rbenv/versions/3.1.2/include/ruby-3.1.0/x86_64-linux -I/home/alex/.rbenv/versions/3.1.2/include/ruby-3.1.0/ruby/backward -I/home/alex/.rbenv/versions/3.1.2/include/ruby-3.1.0 -I. -I/usr/include/postgresql    -O3 -fno-fast-math -ggdb3 -Wall -Wextra -Wdeprecated-declarations -Wduplicated-cond -Wimplicit-function-declaration -Wimplicit-int -Wmisleading-indentation -Wpointer-arith -Wwrite-strings -Wimplicit-fallthrough=0 -Wmissing-noreturn -Wno-cast-function-type -Wno-constant-logical-operand -Wno-long-long -Wno-missing-field-initializers -Wno-overlength-strings -Wno-packed-bitfield-compat -Wno-parentheses-equality -Wno-self-assign -Wno-tautological-compare -Wno-unused-parameter -Wno-unused-value -Wsuggest-attribute=format -Wsuggest-attribute=noreturn -Wunused-variable -Wundef  -fPIC conftest.c  -L. -L/home/alex/.rbenv/versions/3.1.2/lib -Wl,-rpath,/home/alex/.rbenv/versions/3.1.2/lib -L/usr/lib/x86_64-linux-gnu -Wl,-rpath,/usr/lib/x86_64-linux-gnu -L. -fstack-protector-strong -rdynamic -Wl,-export-dynamic -Wl,--no-as-needed    -lpq  -Wl,-rpath,/home/alex/.rbenv/versions/3.1.2/lib -L/home/alex/.rbenv/versions/3.1.2/lib -lruby -lpq  -lm  -lc"
/usr/bin/ld: /tmp/cc74vZmm.o: in function `t':
/home/alex/Desktop/school_of_magic_api/vendor/bundle/ruby/3.1.0/gems/pg-1.6.3/ext/conftest.c:15: undefined reference to `rb_hash_new_capa'
collect2: error: ld returned 1 exit status
checked program was:
/* begin */
 1: #include "ruby.h"
 2: 
 3: /*top*/
 4: extern int t(void);
 5: int main(int argc, char **argv)
 6: {
 7:   if (argc > 1000000) {
 8:     int (* volatile tp)(void)=(int (*)(void))&t;
 9:     printf("%d", (*tp)());
10:   }
11: 
12:   return !!argv[argc];
13: }
14: extern void rb_hash_new_capa();
15: int t(void) { rb_hash_new_capa(); return 0; }
/* end */

--------------------

have_header: checking for inttypes.h... -------------------- yes

LD_LIBRARY_PATH=.:/home/alex/.rbenv/versions/3.1.2/lib "gcc -I/home/alex/.rbenv/versions/3.1.2/include/ruby-3.1.0/x86_64-linux -I/home/alex/.rbenv/versions/3.1.2/include/ruby-3.1.0/ruby/backward -I/home/alex/.rbenv/versions/3.1.2/include/ruby-3.1.0 -I. -I/usr/include/postgresql    -O3 -fno-fast-math -ggdb3 -Wall -Wextra -Wdeprecated-declarations -Wduplicated-cond -Wimplicit-function-declaration -Wimplicit-int -Wmisleading-indentation -Wpointer-arith -Wwrite-strings -Wimplicit-fallthrough=0 -Wmissing-noreturn -Wno-cast-function-type -Wno-constant-logical-operand -Wno-long-long -Wno-missing-field-initializers -Wno-overlength-strings -Wno-packed-bitfield-compat -Wno-parentheses-equality -Wno-self-assign -Wno-tautological-compare -Wno-unused-parameter -Wno-unused-value -Wsuggest-attribute=format -Wsuggest-attribute=noreturn -Wunused-variable -Wundef  -fPIC   -c conftest.c"
checked program was:
/* begin */
1: #include "ruby.h"
2: 
3: #include <inttypes.h>
/* end */

--------------------

checking for C99 variable length arrays... -------------------- yes

LD_LIBRARY_PATH=.:/home/alex/.rbenv/versions/3.1.2/lib "gcc -I/home/alex/.rbenv/versions/3.1.2/include/ruby-3.1.0/x86_64-linux -I/home/alex/.rbenv/versions/3.1.2/include/ruby-3.1.0/ruby/backward -I/home/alex/.rbenv/versions/3.1.2/include/ruby-3.1.0 -I. -I/usr/include/postgresql    -O3 -fno-fast-math -ggdb3 -Wall -Wextra -Wdeprecated-declarations -Wduplicated-cond -Wimplicit-function-declaration -Wimplicit-int -Wmisleading-indentation -Wpointer-arith -Wwrite-strings -Wimplicit-fallthrough=0 -Wmissing-noreturn -Wno-cast-function-type -Wno-constant-logical-operand -Wno-long-long -Wno-missing-field-initializers -Wno-overlength-strings -Wno-packed-bitfield-compat -Wno-parentheses-equality -Wno-self-assign -Wno-tautological-compare -Wno-unused-parameter -Wno-unused-value -Wsuggest-attribute=format -Wsuggest-attribute=noreturn -Wunused-variable -Wundef  -fPIC   -c conftest.c"
conftest.c: In function ‘test_vla’:
conftest.c:3:27: warning: unused variable ‘vla’ [-Wunused-variable]
    3 | void test_vla(int l){ int vla[l]; }
      |                           ^~~
conftest.c: At top level:
cc1: note: unrecognized command-line option ‘-Wno-self-assign’ may have been intended to silence earlier diagnostics
cc1: note: unrecognized command-line option ‘-Wno-parentheses-equality’ may have been intended to silence earlier diagnostics
cc1: note: unrecognized command-line option ‘-Wno-constant-logical-operand’ may have been intended to silence earlier diagnostics
checked program was:
/* begin */
1: #include "ruby.h"
2: 
3: void test_vla(int l){ int vla[l]; }
/* end */

--------------------

extconf.h is:
/* begin */
 1: #ifndef EXTCONF_H
 2: #define EXTCONF_H
 3: #define ENABLE_GVL_UNLOCK 1
 4: #define HAVE_PQENCRYPTPASSWORDCONN 1
 5: #define HAVE_PQRESULTMEMORYSIZE 1
 6: #define HAVE_PQENTERPIPELINEMODE 1
 7: #define HAVE_TIMEGM 1
 8: #define HAVE_RB_IO_WAIT 1
 9: #define HAVE_RB_IO_DESCRIPTOR 1
10: #define HAVE_INTTYPES_H 1
11: #define HAVE_VARIABLE_LENGTH_ARRAYS 1
12: #endif
/* end */

