block in append_cflags: checking for whether -std=c99 is accepted as CFLAGS... -------------------- yes

LD_LIBRARY_PATH=.:/home/alex/.rbenv/versions/3.1.2/lib "gcc -o conftest -I/home/alex/.rbenv/versions/3.1.2/include/ruby-3.1.0/x86_64-linux -I/home/alex/.rbenv/versions/3.1.2/include/ruby-3.1.0/ruby/backward -I/home/alex/.rbenv/versions/3.1.2/include/ruby-3.1.0 -I.    -O3 -fno-fast-math -ggdb3 -Wall -Wextra -Wdeprecated-declarations -Wduplicated-cond -Wimplicit-function-declaration -Wimplicit-int -Wmisleading-indentation -Wpointer-arith -Wwrite-strings -Wimplicit-fallthrough=0 -Wmissing-noreturn -Wno-cast-function-type -Wno-constant-logical-operand -Wno-long-long -Wno-missing-field-initializers -Wno-overlength-strings -Wno-packed-bitfield-compat -Wno-parentheses-equality -Wno-self-assign -Wno-tautological-compare -Wno-unused-parameter -Wno-unused-value -Wsuggest-attribute=format -Wsuggest-attribute=noreturn -Wunused-variable -Wundef  -fPIC conftest.c  -L. -L/home/alex/.rbenv/versions/3.1.2/lib -Wl,-rpath,/home/alex/.rbenv/versions/3.1.2/lib -L. -fstack-protector-strong -rdynamic -Wl,-export-dynamic -Wl,--no-as-needed     -Wl,-rpath,/home/alex/.rbenv/versions/3.1.2/lib -L/home/alex/.rbenv/versions/3.1.2/lib -lruby  -lm  -lc"
checked program was:
/* begin */
1: #include "ruby.h"
2: 
3: int main(int argc, char **argv)
4: {
5:   return !!argv[argc];
6: }
/* end */

LD_LIBRARY_PATH=.:/home/alex/.rbenv/versions/3.1.2/lib "gcc -I/home/alex/.rbenv/versions/3.1.2/include/ruby-3.1.0/x86_64-linux -I/home/alex/.rbenv/versions/3.1.2/include/ruby-3.1.0/ruby/backward -I/home/alex/.rbenv/versions/3.1.2/include/ruby-3.1.0 -I.    -O3 -fno-fast-math -ggdb3 -Wall -Wextra -Wdeprecated-declarations -Wduplicated-cond -Wimplicit-function-declaration -Wimplicit-int -Wmisleading-indentation -Wpointer-arith -Wwrite-strings -Wimplicit-fallthrough=0 -Wmissing-noreturn -Wno-cast-function-type -Wno-constant-logical-operand -Wno-long-long -Wno-missing-field-initializers -Wno-overlength-strings -Wno-packed-bitfield-compat -Wno-parentheses-equality -Wno-self-assign -Wno-tautological-compare -Wno-unused-parameter -Wno-unused-value -Wsuggest-attribute=format -Wsuggest-attribute=noreturn -Wunused-variable -Wundef  -fPIC  -std=c99 -Werror -c conftest.c"
checked program was:
/* begin */
1: #include "ruby.h"
2: 
3: int main(int argc, char **argv)
4: {
5:   return !!argv[argc];
6: }
/* end */

--------------------

block in append_cflags: checking for whether -Wno-declaration-after-statement is accepted as CFLAGS... -------------------- yes

LD_LIBRARY_PATH=.:/home/alex/.rbenv/versions/3.1.2/lib "gcc -I/home/alex/.rbenv/versions/3.1.2/include/ruby-3.1.0/x86_64-linux -I/home/alex/.rbenv/versions/3.1.2/include/ruby-3.1.0/ruby/backward -I/home/alex/.rbenv/versions/3.1.2/include/ruby-3.1.0 -I.    -O3 -fno-fast-math -ggdb3 -Wall -Wextra -Wdeprecated-declarations -Wduplicated-cond -Wimplicit-function-declaration -Wimplicit-int -Wmisleading-indentation -Wpointer-arith -Wwrite-strings -Wimplicit-fallthrough=0 -Wmissing-noreturn -Wno-cast-function-type -Wno-constant-logical-operand -Wno-long-long -Wno-missing-field-initializers -Wno-overlength-strings -Wno-packed-bitfield-compat -Wno-parentheses-equality -Wno-self-assign -Wno-tautological-compare -Wno-unused-parameter -Wno-unused-value -Wsuggest-attribute=format -Wsuggest-attribute=noreturn -Wunused-variable -Wundef  -fPIC -std=c99  -Wno-declaration-after-statement -Werror -c conftest.c"
checked program was:
/* begin */
1: #include "ruby.h"
2: 
3: int main(int argc, char **argv)
4: {
5:   return !!argv[argc];
6: }
/* end */

--------------------

block in append_cflags: checking for whether -O2 is accepted as CFLAGS... -------------------- yes

LD_LIBRARY_PATH=.:/home/alex/.rbenv/versions/3.1.2/lib "gcc -I/home/alex/.rbenv/versions/3.1.2/include/ruby-3.1.0/x86_64-linux -I/home/alex/.rbenv/versions/3.1.2/include/ruby-3.1.0/ruby/backward -I/home/alex/.rbenv/versions/3.1.2/include/ruby-3.1.0 -I.    -O3 -fno-fast-math -ggdb3 -Wall -Wextra -Wdeprecated-declarations -Wduplicated-cond -Wimplicit-function-declaration -Wimplicit-int -Wmisleading-indentation -Wpointer-arith -Wwrite-strings -Wimplicit-fallthrough=0 -Wmissing-noreturn -Wno-cast-function-type -Wno-constant-logical-operand -Wno-long-long -Wno-missing-field-initializers -Wno-overlength-strings -Wno-packed-bitfield-compat -Wno-parentheses-equality -Wno-self-assign -Wno-tautological-compare -Wno-unused-parameter -Wno-unused-value -Wsuggest-attribute=format -Wsuggest-attribute=noreturn -Wunused-variable -Wundef  -fPIC -std=c99 -Wno-declaration-after-statement  -O2 -Werror -c conftest.c"
checked program was:
/* begin */
1: #include "ruby.h"
2: 
3: int main(int argc, char **argv)
4: {
5:   return !!argv[argc];
6: }
/* end */

--------------------

block in append_cflags: checking for whether -g is accepted as CFLAGS... -------------------- yes

LD_LIBRARY_PATH=.:/home/alex/.rbenv/versions/3.1.2/lib "gcc -I/home/alex/.rbenv/versions/3.1.2/include/ruby-3.1.0/x86_64-linux -I/home/alex/.rbenv/versions/3.1.2/include/ruby-3.1.0/ruby/backward -I/home/alex/.rbenv/versions/3.1.2/include/ruby-3.1.0 -I.    -O3 -fno-fast-math -ggdb3 -Wall -Wextra -Wdeprecated-declarations -Wduplicated-cond -Wimplicit-function-declaration -Wimplicit-int -Wmisleading-indentation -Wpointer-arith -Wwrite-strings -Wimplicit-fallthrough=0 -Wmissing-noreturn -Wno-cast-function-type -Wno-constant-logical-operand -Wno-long-long -Wno-missing-field-initializers -Wno-overlength-strings -Wno-packed-bitfield-compat -Wno-parentheses-equality -Wno-self-assign -Wno-tautological-compare -Wno-unused-parameter -Wno-unused-value -Wsuggest-attribute=format -Wsuggest-attribute=noreturn -Wunused-variable -Wundef  -fPIC -std=c99 -Wno-declaration-after-statement -O2  -g -Werror -c conftest.c"
checked program was:
/* begin */
1: #include "ruby.h"
2: 
3: int main(int argc, char **argv)
4: {
5:   return !!argv[argc];
6: }
/* end */

--------------------

block in append_cflags: checking for whether -Winline is accepted as CFLAGS... -------------------- yes

LD_LIBRARY_PATH=.:/home/alex/.rbenv/versions/3.1.2/lib "gcc -I/home/alex/.rbenv/versions/3.1.2/include/ruby-3.1.0/x86_64-linux -I/home/alex/.rbenv/versions/3.1.2/include/ruby-3.1.0/ruby/backward -I/home/alex/.rbenv/versions/3.1.2/include/ruby-3.1.0 -I.    -O3 -fno-fast-math -ggdb3 -Wall -Wextra -Wdeprecated-declarations -Wduplicated-cond -Wimplicit-function-declaration -Wimplicit-int -Wmisleading-indentation -Wpointer-arith -Wwrite-strings -Wimplicit-fallthrough=0 -Wmissing-noreturn -Wno-cast-function-type -Wno-constant-logical-operand -Wno-long-long -Wno-missing-field-initializers -Wno-overlength-strings -Wno-packed-bitfield-compat -Wno-parentheses-equality -Wno-self-assign -Wno-tautological-compare -Wno-unused-parameter -Wno-unused-value -Wsuggest-attribute=format -Wsuggest-attribute=noreturn -Wunused-variable -Wundef  -fPIC -std=c99 -Wno-declaration-after-statement -O2 -g  -Winline -Werror -c conftest.c"
checked program was:
/* begin */
1: #include "ruby.h"
2: 
3: int main(int argc, char **argv)
4: {
5:   return !!argv[argc];
6: }
/* end */

--------------------

block in append_cflags: checking for whether -Wmissing-noreturn is accepted as CFLAGS... -------------------- yes

LD_LIBRARY_PATH=.:/home/alex/.rbenv/versions/3.1.2/lib "gcc -I/home/alex/.rbenv/versions/3.1.2/include/ruby-3.1.0/x86_64-linux -I/home/alex/.rbenv/versions/3.1.2/include/ruby-3.1.0/ruby/backward -I/home/alex/.rbenv/versions/3.1.2/include/ruby-3.1.0 -I.    -O3 -fno-fast-math -ggdb3 -Wall -Wextra -Wdeprecated-declarations -Wduplicated-cond -Wimplicit-function-declaration -Wimplicit-int -Wmisleading-indentation -Wpointer-arith -Wwrite-strings -Wimplicit-fallthrough=0 -Wmissing-noreturn -Wno-cast-function-type -Wno-constant-logical-operand -Wno-long-long -Wno-missing-field-initializers -Wno-overlength-strings -Wno-packed-bitfield-compat -Wno-parentheses-equality -Wno-self-assign -Wno-tautological-compare -Wno-unused-parameter -Wno-unused-value -Wsuggest-attribute=format -Wsuggest-attribute=noreturn -Wunused-variable -Wundef  -fPIC -std=c99 -Wno-declaration-after-statement -O2 -g -Winline  -Wmissing-noreturn -Werror -c conftest.c"
checked program was:
/* begin */
1: #include "ruby.h"
2: 
3: int main(int argc, char **argv)
4: {
5:   return !!argv[argc];
6: }
/* end */

--------------------

block in append_cflags: checking for whether -Wconversion is accepted as CFLAGS... -------------------- no

LD_LIBRARY_PATH=.:/home/alex/.rbenv/versions/3.1.2/lib "gcc -I/home/alex/.rbenv/versions/3.1.2/include/ruby-3.1.0/x86_64-linux -I/home/alex/.rbenv/versions/3.1.2/include/ruby-3.1.0/ruby/backward -I/home/alex/.rbenv/versions/3.1.2/include/ruby-3.1.0 -I.    -O3 -fno-fast-math -ggdb3 -Wall -Wextra -Wdeprecated-declarations -Wduplicated-cond -Wimplicit-function-declaration -Wimplicit-int -Wmisleading-indentation -Wpointer-arith -Wwrite-strings -Wimplicit-fallthrough=0 -Wmissing-noreturn -Wno-cast-function-type -Wno-constant-logical-operand -Wno-long-long -Wno-missing-field-initializers -Wno-overlength-strings -Wno-packed-bitfield-compat -Wno-parentheses-equality -Wno-self-assign -Wno-tautological-compare -Wno-unused-parameter -Wno-unused-value -Wsuggest-attribute=format -Wsuggest-attribute=noreturn -Wunused-variable -Wundef  -fPIC -std=c99 -Wno-declaration-after-statement -O2 -g -Winline -Wmissing-noreturn  -Wconversion -Werror -c conftest.c"
In file included from /home/alex/.rbenv/versions/3.1.2/include/ruby-3.1.0/ruby/internal/arithmetic/long.h:42,
                 from /home/alex/.rbenv/versions/3.1.2/include/ruby-3.1.0/ruby/internal/arithmetic/int.h:26,
                 from /home/alex/.rbenv/versions/3.1.2/include/ruby-3.1.0/ruby/internal/arithmetic/char.h:23,
                 from /home/alex/.rbenv/versions/3.1.2/include/ruby-3.1.0/ruby/internal/arithmetic.h:23,
                 from /home/alex/.rbenv/versions/3.1.2/include/ruby-3.1.0/ruby/ruby.h:27,
                 from /home/alex/.rbenv/versions/3.1.2/include/ruby-3.1.0/ruby.h:38,
                 from conftest.c:1:
/home/alex/.rbenv/versions/3.1.2/include/ruby-3.1.0/ruby/internal/special_consts.h: In function ‘RB_TEST’:
/home/alex/.rbenv/versions/3.1.2/include/ruby-3.1.0/ruby/internal/special_consts.h:148:16: error: unsigned conversion from ‘int’ to ‘VALUE’ {aka ‘long unsigned int’} changes value from ‘-9’ to ‘18446744073709551607’ [-Werror=sign-conversion]
  148 |     return obj & ~RUBY_Qnil;
      |                ^
In file included from /home/alex/.rbenv/versions/3.1.2/include/ruby-3.1.0/ruby/internal/arithmetic/int.h:26,
                 from /home/alex/.rbenv/versions/3.1.2/include/ruby-3.1.0/ruby/internal/arithmetic/char.h:23,
                 from /home/alex/.rbenv/versions/3.1.2/include/ruby-3.1.0/ruby/internal/arithmetic.h:23,
                 from /home/alex/.rbenv/versions/3.1.2/include/ruby-3.1.0/ruby/ruby.h:27,
                 from /home/alex/.rbenv/versions/3.1.2/include/ruby-3.1.0/ruby.h:38,
                 from conftest.c:1:
/home/alex/.rbenv/versions/3.1.2/include/ruby-3.1.0/ruby/internal/arithmetic/long.h: In function ‘RB_INT2FIX’:
/home/alex/.rbenv/versions/3.1.2/include/ruby-3.1.0/ruby/internal/arithmetic/long.h:117:29: error: conversion to ‘long unsigned int’ from ‘long int’ may change the sign of the result [-Werror=sign-conversion]
  117 |     const unsigned long j = i;
      |                             ^
/home/alex/.rbenv/versions/3.1.2/include/ruby-3.1.0/ruby/internal/arithmetic/long.h:119:29: error: conversion to ‘long int’ from ‘long unsigned int’ may change the sign of the result [-Werror=sign-conversion]
  119 |     const long          l = k;
      |                             ^
/home/alex/.rbenv/versions/3.1.2/include/ruby-3.1.0/ruby/internal/arithmetic/long.h:121:29: error: conversion to ‘VALUE’ {aka ‘const long unsigned int’} from ‘long int’ may change the sign of the result [-Werror=sign-conversion]
  121 |     const VALUE         n = m;
      |                             ^
/home/alex/.rbenv/versions/3.1.2/include/ruby-3.1.0/ruby/internal/arithmetic/long.h: In function ‘rbimpl_fix2long_by_idiv’:
/home/alex/.rbenv/versions/3.1.2/include/ruby-3.1.0/ruby/internal/arithmetic/long.h:169:28: error: conversion to ‘long int’ from ‘VALUE’ {aka ‘long unsigned int’} may change the sign of the result [-Werror=sign-conversion]
  169 |     const SIGNED_VALUE y = x - RUBY_FIXNUM_FLAG;
      |                            ^
/home/alex/.rbenv/versions/3.1.2/include/ruby-3.1.0/ruby/internal/arithmetic/long.h: In function ‘rbimpl_fix2long_by_shift’:
/home/alex/.rbenv/versions/3.1.2/include/ruby-3.1.0/ruby/internal/arithmetic/long.h:196:28: error: conversion to ‘long int’ from ‘VALUE’ {aka ‘long unsigned int’} may change the sign of the result [-Werror=sign-conversion]
  196 |     const SIGNED_VALUE y = x;
      |                            ^
/home/alex/.rbenv/versions/3.1.2/include/ruby-3.1.0/ruby/internal/arithmetic/long.h: In function ‘rb_fix2ulong’:
/home/alex/.rbenv/versions/3.1.2/include/ruby-3.1.0/ruby/internal/arithmetic/long.h:255:12: error: conversion to ‘long unsigned int’ from ‘long int’ may change the sign of the result [-Werror=sign-conversion]
  255 |     return rb_fix2long(x);
      |            ^~~~~~~~~~~~~~
/home/alex/.rbenv/versions/3.1.2/include/ruby-3.1.0/ruby/internal/arithmetic/long.h: In function ‘rb_ulong2num_inline’:
/home/alex/.rbenv/versions/3.1.2/include/ruby-3.1.0/ruby/internal/arithmetic/long.h:326:28: error: conversion to ‘long int’ from ‘long unsigned int’ may change the sign of the result [-Werror=sign-conversion]
  326 |         return RB_LONG2FIX(v);
      |                            ^
/home/alex/.rbenv/versions/3.1.2/include/ruby-3.1.0/ruby/internal/arithmetic/long_long.h: In function ‘rb_num2ull_inline’:
/home/alex/.rbenv/versions/3.1.2/include/ruby-3.1.0/ruby/internal/arithmetic/long.h:53:22: error: conversion to ‘long long unsigned int’ from ‘long int’ may change the sign of the result [-Werror=sign-conversion]
   53 | #define RB_FIX2LONG  rb_fix2long          /**< @alias{rb_fix2long} */
/home/alex/.rbenv/versions/3.1.2/include/ruby-3.1.0/ruby/internal/arithmetic/long_long.h:130:16: note: in expansion of macro ‘RB_FIX2LONG’
  130 |         return RB_FIX2LONG(x);
      |                ^~~~~~~~~~~
In file included from /home/alex/.rbenv/versions/3.1.2/include/ruby-3.1.0/ruby/internal/arithmetic.h:36,
                 from /home/alex/.rbenv/versions/3.1.2/include/ruby-3.1.0/ruby/ruby.h:27,
                 from /home/alex/.rbenv/versions/3.1.2/include/ruby-3.1.0/ruby.h:38,
                 from conftest.c:1:
/home/alex/.rbenv/versions/3.1.2/include/ruby-3.1.0/ruby/internal/arithmetic/st_data_t.h: In function ‘RB_ST2FIX’:
/home/alex/.rbenv/versions/3.1.2/include/ruby-3.1.0/ruby/internal/arithmetic/st_data_t.h:61:22: error: conversion to ‘long int’ from ‘st_data_t’ {aka ‘long unsigned int’} may change the sign of the result [-Werror=sign-conversion]
   61 |     SIGNED_VALUE x = i;
      |                      ^
/home/alex/.rbenv/versions/3.1.2/include/ruby-3.1.0/ruby/internal/arithmetic/st_data_t.h:72:24: error: conversion to ‘long int’ from ‘long unsigned int’ may change the sign of the result [-Werror=sign-conversion]
   72 |     return RB_LONG2FIX(y);
      |                        ^
In file included from /home/alex/.rbenv/versions/3.1.2/include/ruby-3.1.0/ruby/ruby.h:41,
                 from /home/alex/.rbenv/versions/3.1.2/include/ruby-3.1.0/ruby.h:38,
                 from conftest.c:1:
/home/alex/.rbenv/versions/3.1.2/include/ruby-3.1.0/ruby/internal/memory.h: In function ‘rb_alloc_tmp_buffer2’:
/home/alex/.rbenv/versions/3.1.2/include/ruby-3.1.0/ruby/internal/memory.h:642:56: error: conversion to ‘size_t’ {aka ‘long unsigned int’} from ‘long int’ may change the sign of the result [-Werror=sign-conversion]
  642 |     const size_t total_size = rbimpl_size_mul_or_raise(count, elsize);
      |                                                        ^~~~~
conftest.c: At top level:
cc1: note: unrecognized command-line option ‘-Wno-self-assign’ may have been intended to silence earlier diagnostics
cc1: note: unrecognized command-line option ‘-Wno-parentheses-equality’ may have been intended to silence earlier diagnostics
cc1: note: unrecognized command-line option ‘-Wno-constant-logical-operand’ may have been intended to silence earlier diagnostics
cc1: all warnings being treated as errors
checked program was:
/* begin */
1: #include "ruby.h"
2: 
3: int main(int argc, char **argv)
4: {
5:   return !!argv[argc];
6: }
/* end */

--------------------

have_library: checking for gzdopen() in -lz... -------------------- yes

LD_LIBRARY_PATH=.:/home/alex/.rbenv/versions/3.1.2/lib "gcc -o conftest -I/home/alex/.rbenv/versions/3.1.2/include/ruby-3.1.0/x86_64-linux -I/home/alex/.rbenv/versions/3.1.2/include/ruby-3.1.0/ruby/backward -I/home/alex/.rbenv/versions/3.1.2/include/ruby-3.1.0 -I.    -O3 -fno-fast-math -ggdb3 -Wall -Wextra -Wdeprecated-declarations -Wduplicated-cond -Wimplicit-function-declaration -Wimplicit-int -Wmisleading-indentation -Wpointer-arith -Wwrite-strings -Wimplicit-fallthrough=0 -Wmissing-noreturn -Wno-cast-function-type -Wno-constant-logical-operand -Wno-long-long -Wno-missing-field-initializers -Wno-overlength-strings -Wno-packed-bitfield-compat -Wno-parentheses-equality -Wno-self-assign -Wno-tautological-compare -Wno-unused-parameter -Wno-unused-value -Wsuggest-attribute=format -Wsuggest-attribute=noreturn -Wunused-variable -Wundef  -fPIC -std=c99 -Wno-declaration-after-statement -O2 -g -Winline -Wmissing-noreturn conftest.c  -L. -L/home/alex/.rbenv/versions/3.1.2/lib -Wl,-rpath,/home/alex/.rbenv/versions/3.1.2/lib -L. -fstack-protector-strong -rdynamic -Wl,-export-dynamic -Wl,--no-as-needed     -Wl,-rpath,/home/alex/.rbenv/versions/3.1.2/lib -L/home/alex/.rbenv/versions/3.1.2/lib -lruby -lz  -lm  -lc"
checked program was:
/* begin */
 1: #include "ruby.h"
 2: 
 3: #include <zlib.h>
 4: 
 5: /*top*/
 6: extern int t(void);
 7: int main(int argc, char **argv)
 8: {
 9:   if (argc > 1000000) {
10:     int (* volatile tp)(void)=(int (*)(void))&t;
11:     printf("%d", (*tp)());
12:   }
13: 
14:   return !!argv[argc];
15: }
16: int t(void) { void ((*volatile p)()); p = (void ((*)()))gzdopen; return !p; }
/* end */

--------------------

have_library: checking for xmlParseDoc() in -lxml2... -------------------- no

LD_LIBRARY_PATH=.:/home/alex/.rbenv/versions/3.1.2/lib "gcc -o conftest -I/home/alex/.rbenv/versions/3.1.2/include/ruby-3.1.0/x86_64-linux -I/home/alex/.rbenv/versions/3.1.2/include/ruby-3.1.0/ruby/backward -I/home/alex/.rbenv/versions/3.1.2/include/ruby-3.1.0 -I.    -O3 -fno-fast-math -ggdb3 -Wall -Wextra -Wdeprecated-declarations -Wduplicated-cond -Wimplicit-function-declaration -Wimplicit-int -Wmisleading-indentation -Wpointer-arith -Wwrite-strings -Wimplicit-fallthrough=0 -Wmissing-noreturn -Wno-cast-function-type -Wno-constant-logical-operand -Wno-long-long -Wno-missing-field-initializers -Wno-overlength-strings -Wno-packed-bitfield-compat -Wno-parentheses-equality -Wno-self-assign -Wno-tautological-compare -Wno-unused-parameter -Wno-unused-value -Wsuggest-attribute=format -Wsuggest-attribute=noreturn -Wunused-variable -Wundef  -fPIC -std=c99 -Wno-declaration-after-statement -O2 -g -Winline -Wmissing-noreturn conftest.c  -L. -L/home/alex/.rbenv/versions/3.1.2/lib -Wl,-rpath,/home/alex/.rbenv/versions/3.1.2/lib -L. -fstack-protector-strong -rdynamic -Wl,-export-dynamic -Wl,--no-as-needed    -lz  -Wl,-rpath,/home/alex/.rbenv/versions/3.1.2/lib -L/home/alex/.rbenv/versions/3.1.2/lib -lruby -lxml2 -lz  -lm  -lc"
conftest.c:3:10: fatal error: libxml/parser.h: No such file or directory
    3 | #include <libxml/parser.h>
      |          ^~~~~~~~~~~~~~~~~
compilation terminated.
checked program was:
/* begin */
 1: #include "ruby.h"
 2: 
 3: #include <libxml/parser.h>
 4: 
 5: /*top*/
 6: extern int t(void);
 7: int main(int argc, char **argv)
 8: {
 9:   if (argc > 1000000) {
10:     int (* volatile tp)(void)=(int (*)(void))&t;
11:     printf("%d", (*tp)());
12:   }
13: 
14:   return !!argv[argc];
15: }
16: int t(void) { void ((*volatile p)()); p = (void ((*)()))xmlParseDoc; return !p; }
/* end */

LD_LIBRARY_PATH=.:/home/alex/.rbenv/versions/3.1.2/lib "gcc -o conftest -I/home/alex/.rbenv/versions/3.1.2/include/ruby-3.1.0/x86_64-linux -I/home/alex/.rbenv/versions/3.1.2/include/ruby-3.1.0/ruby/backward -I/home/alex/.rbenv/versions/3.1.2/include/ruby-3.1.0 -I.    -O3 -fno-fast-math -ggdb3 -Wall -Wextra -Wdeprecated-declarations -Wduplicated-cond -Wimplicit-function-declaration -Wimplicit-int -Wmisleading-indentation -Wpointer-arith -Wwrite-strings -Wimplicit-fallthrough=0 -Wmissing-noreturn -Wno-cast-function-type -Wno-constant-logical-operand -Wno-long-long -Wno-missing-field-initializers -Wno-overlength-strings -Wno-packed-bitfield-compat -Wno-parentheses-equality -Wno-self-assign -Wno-tautological-compare -Wno-unused-parameter -Wno-unused-value -Wsuggest-attribute=format -Wsuggest-attribute=noreturn -Wunused-variable -Wundef  -fPIC -std=c99 -Wno-declaration-after-statement -O2 -g -Winline -Wmissing-noreturn conftest.c  -L. -L/home/alex/.rbenv/versions/3.1.2/lib -Wl,-rpath,/home/alex/.rbenv/versions/3.1.2/lib -L. -fstack-protector-strong -rdynamic -Wl,-export-dynamic -Wl,--no-as-needed    -lz  -Wl,-rpath,/home/alex/.rbenv/versions/3.1.2/lib -L/home/alex/.rbenv/versions/3.1.2/lib -lruby -lxml2 -lz  -lm  -lc"
conftest.c:3:10: fatal error: libxml/parser.h: No such file or directory
    3 | #include <libxml/parser.h>
      |          ^~~~~~~~~~~~~~~~~
compilation terminated.
checked program was:
/* begin */
 1: #include "ruby.h"
 2: 
 3: #include <libxml/parser.h>
 4: 
 5: /*top*/
 6: extern int t(void);
 7: int main(int argc, char **argv)
 8: {
 9:   if (argc > 1000000) {
10:     int (* volatile tp)(void)=(int (*)(void))&t;
11:     printf("%d", (*tp)());
12:   }
13: 
14:   return !!argv[argc];
15: }
16: extern void xmlParseDoc();
17: int t(void) { xmlParseDoc(); return 0; }
/* end */

--------------------

have_library: checking for xmlParseDoc() in -llibxml2... -------------------- no

LD_LIBRARY_PATH=.:/home/alex/.rbenv/versions/3.1.2/lib "gcc -o conftest -I/home/alex/.rbenv/versions/3.1.2/include/ruby-3.1.0/x86_64-linux -I/home/alex/.rbenv/versions/3.1.2/include/ruby-3.1.0/ruby/backward -I/home/alex/.rbenv/versions/3.1.2/include/ruby-3.1.0 -I.    -O3 -fno-fast-math -ggdb3 -Wall -Wextra -Wdeprecated-declarations -Wduplicated-cond -Wimplicit-function-declaration -Wimplicit-int -Wmisleading-indentation -Wpointer-arith -Wwrite-strings -Wimplicit-fallthrough=0 -Wmissing-noreturn -Wno-cast-function-type -Wno-constant-logical-operand -Wno-long-long -Wno-missing-field-initializers -Wno-overlength-strings -Wno-packed-bitfield-compat -Wno-parentheses-equality -Wno-self-assign -Wno-tautological-compare -Wno-unused-parameter -Wno-unused-value -Wsuggest-attribute=format -Wsuggest-attribute=noreturn -Wunused-variable -Wundef  -fPIC -std=c99 -Wno-declaration-after-statement -O2 -g -Winline -Wmissing-noreturn conftest.c  -L. -L/home/alex/.rbenv/versions/3.1.2/lib -Wl,-rpath,/home/alex/.rbenv/versions/3.1.2/lib -L. -fstack-protector-strong -rdynamic -Wl,-export-dynamic -Wl,--no-as-needed    -lz  -Wl,-rpath,/home/alex/.rbenv/versions/3.1.2/lib -L/home/alex/.rbenv/versions/3.1.2/lib -lruby -llibxml2 -lz  -lm  -lc"
conftest.c:3:10: fatal error: libxml/parser.h: No such file or directory
    3 | #include <libxml/parser.h>
      |          ^~~~~~~~~~~~~~~~~
compilation terminated.
checked program was:
/* begin */
 1: #include "ruby.h"
 2: 
 3: #include <libxml/parser.h>
 4: 
 5: /*top*/
 6: extern int t(void);
 7: int main(int argc, char **argv)
 8: {
 9:   if (argc > 1000000) {
10:     int (* volatile tp)(void)=(int (*)(void))&t;
11:     printf("%d", (*tp)());
12:   }
13: 
14:   return !!argv[argc];
15: }
16: int t(void) { void ((*volatile p)()); p = (void ((*)()))xmlParseDoc; return !p; }
/* end */

LD_LIBRARY_PATH=.:/home/alex/.rbenv/versions/3.1.2/lib "gcc -o conftest -I/home/alex/.rbenv/versions/3.1.2/include/ruby-3.1.0/x86_64-linux -I/home/alex/.rbenv/versions/3.1.2/include/ruby-3.1.0/ruby/backward -I/home/alex/.rbenv/versions/3.1.2/include/ruby-3.1.0 -I.    -O3 -fno-fast-math -ggdb3 -Wall -Wextra -Wdeprecated-declarations -Wduplicated-cond -Wimplicit-function-declaration -Wimplicit-int -Wmisleading-indentation -Wpointer-arith -Wwrite-strings -Wimplicit-fallthrough=0 -Wmissing-noreturn -Wno-cast-function-type -Wno-constant-logical-operand -Wno-long-long -Wno-missing-field-initializers -Wno-overlength-strings -Wno-packed-bitfield-compat -Wno-parentheses-equality -Wno-self-assign -Wno-tautological-compare -Wno-unused-parameter -Wno-unused-value -Wsuggest-attribute=format -Wsuggest-attribute=noreturn -Wunused-variable -Wundef  -fPIC -std=c99 -Wno-declaration-after-statement -O2 -g -Winline -Wmissing-noreturn conftest.c  -L. -L/home/alex/.rbenv/versions/3.1.2/lib -Wl,-rpath,/home/alex/.rbenv/versions/3.1.2/lib -L. -fstack-protector-strong -rdynamic -Wl,-export-dynamic -Wl,--no-as-needed    -lz  -Wl,-rpath,/home/alex/.rbenv/versions/3.1.2/lib -L/home/alex/.rbenv/versions/3.1.2/lib -lruby -llibxml2 -lz  -lm  -lc"
conftest.c:3:10: fatal error: libxml/parser.h: No such file or directory
    3 | #include <libxml/parser.h>
      |          ^~~~~~~~~~~~~~~~~
compilation terminated.
checked program was:
/* begin */
 1: #include "ruby.h"
 2: 
 3: #include <libxml/parser.h>
 4: 
 5: /*top*/
 6: extern int t(void);
 7: int main(int argc, char **argv)
 8: {
 9:   if (argc > 1000000) {
10:     int (* volatile tp)(void)=(int (*)(void))&t;
11:     printf("%d", (*tp)());
12:   }
13: 
14:   return !!argv[argc];
15: }
16: extern void xmlParseDoc();
17: int t(void) { xmlParseDoc(); return 0; }
/* end */

--------------------

try_package_configuration: checking for libxml-2.0 using `pkg_config`... -------------------- yes: ["-I/usr/include/libxml2 ", "", "-lxml2"]

LD_LIBRARY_PATH=.:/home/alex/.rbenv/versions/3.1.2/lib pkg-config --exists libxml-2.0
LD_LIBRARY_PATH=.:/home/alex/.rbenv/versions/3.1.2/lib pkg-config --libs libxml-2.0 |
=> "-lxml2\n"
LD_LIBRARY_PATH=.:/home/alex/.rbenv/versions/3.1.2/lib "gcc -o conftest -I/home/alex/.rbenv/versions/3.1.2/include/ruby-3.1.0/x86_64-linux -I/home/alex/.rbenv/versions/3.1.2/include/ruby-3.1.0/ruby/backward -I/home/alex/.rbenv/versions/3.1.2/include/ruby-3.1.0 -I.    -O3 -fno-fast-math -ggdb3 -Wall -Wextra -Wdeprecated-declarations -Wduplicated-cond -Wimplicit-function-declaration -Wimplicit-int -Wmisleading-indentation -Wpointer-arith -Wwrite-strings -Wimplicit-fallthrough=0 -Wmissing-noreturn -Wno-cast-function-type -Wno-constant-logical-operand -Wno-long-long -Wno-missing-field-initializers -Wno-overlength-strings -Wno-packed-bitfield-compat -Wno-parentheses-equality -Wno-self-assign -Wno-tautological-compare -Wno-unused-parameter -Wno-unused-value -Wsuggest-attribute=format -Wsuggest-attribute=noreturn -Wunused-variable -Wundef  -fPIC -std=c99 -Wno-declaration-after-statement -O2 -g -Winline -Wmissing-noreturn conftest.c  -L. -L/home/alex/.rbenv/versions/3.1.2/lib -Wl,-rpath,/home/alex/.rbenv/versions/3.1.2/lib -L. -fstack-protector-strong -rdynamic -Wl,-export-dynamic -Wl,--no-as-needed    -lz  -Wl,-rpath,/home/alex/.rbenv/versions/3.1.2/lib -L/home/alex/.rbenv/versions/3.1.2/lib -lruby -lxml2 -lm  -lc"
checked program was:
/* begin */
1: #include "ruby.h"
2: 
3: int main(int argc, char **argv)
4: {
5:   return !!argv[argc];
6: }
/* end */

LD_LIBRARY_PATH=.:/home/alex/.rbenv/versions/3.1.2/lib pkg-config --cflags-only-I libxml-2.0 |
=> "-I/usr/include/libxml2\n"
LD_LIBRARY_PATH=.:/home/alex/.rbenv/versions/3.1.2/lib pkg-config --cflags-only-other libxml-2.0 |
=> "\n"
LD_LIBRARY_PATH=.:/home/alex/.rbenv/versions/3.1.2/lib pkg-config --libs-only-l libxml-2.0 |
=> "-lxml2\n"
package configuration for libxml-2.0
incflags: -I/usr/include/libxml2
cflags: 
ldflags: 
libs: -lxml2

--------------------

have_library: checking for xmlParseDoc() in -lxml2... -------------------- yes

LD_LIBRARY_PATH=.:/home/alex/.rbenv/versions/3.1.2/lib "gcc -o conftest -I/home/alex/.rbenv/versions/3.1.2/include/ruby-3.1.0/x86_64-linux -I/home/alex/.rbenv/versions/3.1.2/include/ruby-3.1.0/ruby/backward -I/home/alex/.rbenv/versions/3.1.2/include/ruby-3.1.0 -I. -I/usr/include/libxml2    -O3 -fno-fast-math -ggdb3 -Wall -Wextra -Wdeprecated-declarations -Wduplicated-cond -Wimplicit-function-declaration -Wimplicit-int -Wmisleading-indentation -Wpointer-arith -Wwrite-strings -Wimplicit-fallthrough=0 -Wmissing-noreturn -Wno-cast-function-type -Wno-constant-logical-operand -Wno-long-long -Wno-missing-field-initializers -Wno-overlength-strings -Wno-packed-bitfield-compat -Wno-parentheses-equality -Wno-self-assign -Wno-tautological-compare -Wno-unused-parameter -Wno-unused-value -Wsuggest-attribute=format -Wsuggest-attribute=noreturn -Wunused-variable -Wundef  -fPIC -std=c99 -Wno-declaration-after-statement -O2 -g -Winline -Wmissing-noreturn  conftest.c  -L. -L/home/alex/.rbenv/versions/3.1.2/lib -Wl,-rpath,/home/alex/.rbenv/versions/3.1.2/lib -L. -fstack-protector-strong -rdynamic -Wl,-export-dynamic -Wl,--no-as-needed     -lz  -lxml2 -Wl,-rpath,/home/alex/.rbenv/versions/3.1.2/lib -L/home/alex/.rbenv/versions/3.1.2/lib -lruby -lxml2 -lz  -lxml2 -lm  -lc"
checked program was:
/* begin */
 1: #include "ruby.h"
 2: 
 3: #include <libxml/parser.h>
 4: 
 5: /*top*/
 6: extern int t(void);
 7: int main(int argc, char **argv)
 8: {
 9:   if (argc > 1000000) {
10:     int (* volatile tp)(void)=(int (*)(void))&t;
11:     printf("%d", (*tp)());
12:   }
13: 
14:   return !!argv[argc];
15: }
16: int t(void) { void ((*volatile p)()); p = (void ((*)()))xmlParseDoc; return !p; }
/* end */

--------------------

have_library: checking for xsltParseStylesheetDoc() in -lxslt... -------------------- yes

LD_LIBRARY_PATH=.:/home/alex/.rbenv/versions/3.1.2/lib "gcc -o conftest -I/home/alex/.rbenv/versions/3.1.2/include/ruby-3.1.0/x86_64-linux -I/home/alex/.rbenv/versions/3.1.2/include/ruby-3.1.0/ruby/backward -I/home/alex/.rbenv/versions/3.1.2/include/ruby-3.1.0 -I. -I/usr/include/libxml2    -O3 -fno-fast-math -ggdb3 -Wall -Wextra -Wdeprecated-declarations -Wduplicated-cond -Wimplicit-function-declaration -Wimplicit-int -Wmisleading-indentation -Wpointer-arith -Wwrite-strings -Wimplicit-fallthrough=0 -Wmissing-noreturn -Wno-cast-function-type -Wno-constant-logical-operand -Wno-long-long -Wno-missing-field-initializers -Wno-overlength-strings -Wno-packed-bitfield-compat -Wno-parentheses-equality -Wno-self-assign -Wno-tautological-compare -Wno-unused-parameter -Wno-unused-value -Wsuggest-attribute=format -Wsuggest-attribute=noreturn -Wunused-variable -Wundef  -fPIC -std=c99 -Wno-declaration-after-statement -O2 -g -Winline -Wmissing-noreturn  conftest.c  -L. -L/home/alex/.rbenv/versions/3.1.2/lib -Wl,-rpath,/home/alex/.rbenv/versions/3.1.2/lib -L. -fstack-protector-strong -rdynamic -Wl,-export-dynamic -Wl,--no-as-needed     -lxml2 -lz  -lxml2 -Wl,-rpath,/home/alex/.rbenv/versions/3.1.2/lib -L/home/alex/.rbenv/versions/3.1.2/lib -lruby -lxslt -lxml2 -lz  -lxml2 -lm  -lc"
conftest.c: In function ‘t’:
conftest.c:16:57: error: ‘xsltParseStylesheetDoc’ undeclared (first use in this function)
   16 | int t(void) { void ((*volatile p)()); p = (void ((*)()))xsltParseStylesheetDoc; return !p; }
      |                                                         ^~~~~~~~~~~~~~~~~~~~~~
conftest.c:16:57: note: each undeclared identifier is reported only once for each function it appears in
conftest.c: At top level:
cc1: note: unrecognized command-line option ‘-Wno-self-assign’ may have been intended to silence earlier diagnostics
cc1: note: unrecognized command-line option ‘-Wno-parentheses-equality’ may have been intended to silence earlier diagnostics
cc1: note: unrecognized command-line option ‘-Wno-constant-logical-operand’ may have been intended to silence earlier diagnostics
checked program was:
/* begin */
 1: #include "ruby.h"
 2: 
 3: #include <libxslt/xslt.h>
 4: 
 5: /*top*/
 6: extern int t(void);
 7: int main(int argc, char **argv)
 8: {
 9:   if (argc > 1000000) {
10:     int (* volatile tp)(void)=(int (*)(void))&t;
11:     printf("%d", (*tp)());
12:   }
13: 
14:   return !!argv[argc];
15: }
16: int t(void) { void ((*volatile p)()); p = (void ((*)()))xsltParseStylesheetDoc; return !p; }
/* end */

LD_LIBRARY_PATH=.:/home/alex/.rbenv/versions/3.1.2/lib "gcc -o conftest -I/home/alex/.rbenv/versions/3.1.2/include/ruby-3.1.0/x86_64-linux -I/home/alex/.rbenv/versions/3.1.2/include/ruby-3.1.0/ruby/backward -I/home/alex/.rbenv/versions/3.1.2/include/ruby-3.1.0 -I. -I/usr/include/libxml2    -O3 -fno-fast-math -ggdb3 -Wall -Wextra -Wdeprecated-declarations -Wduplicated-cond -Wimplicit-function-declaration -Wimplicit-int -Wmisleading-indentation -Wpointer-arith -Wwrite-strings -Wimplicit-fallthrough=0 -Wmissing-noreturn -Wno-cast-function-type -Wno-constant-logical-operand -Wno-long-long -Wno-missing-field-initializers -Wno-overlength-strings -Wno-packed-bitfield-compat -Wno-parentheses-equality -Wno-self-assign -Wno-tautological-compare -Wno-unused-parameter -Wno-unused-value -Wsuggest-attribute=format -Wsuggest-attribute=noreturn -Wunused-variable -Wundef  -fPIC -std=c99 -Wno-declaration-after-statement -O2 -g -Winline -Wmissing-noreturn  conftest.c  -L. -L/home/alex/.rbenv/versions/3.1.2/lib -Wl,-rpath,/home/alex/.rbenv/versions/3.1.2/lib -L. -fstack-protector-strong -rdynamic -Wl,-export-dynamic -Wl,--no-as-needed     -lxml2 -lz  -lxml2 -Wl,-rpath,/home/alex/.rbenv/versions/3.1.2/lib -L/home/alex/.rbenv/versions/3.1.2/lib -lruby -lxslt -lxml2 -lz  -lxml2 -lm  -lc"
checked program was:
/* begin */
 1: #include "ruby.h"
 2: 
 3: #include <libxslt/xslt.h>
 4: 
 5: /*top*/
 6: extern int t(void);
 7: int main(int argc, char **argv)
 8: {
 9:   if (argc > 1000000) {
10:     int (* volatile tp)(void)=(int (*)(void))&t;
11:     printf("%d", (*tp)());
12:   }
13: 
14:   return !!argv[argc];
15: }
16: extern void xsltParseStylesheetDoc();
17: int t(void) { xsltParseStylesheetDoc(); return 0; }
/* end */

--------------------

have_library: checking for exsltFuncRegister() in -lexslt... -------------------- yes

LD_LIBRARY_PATH=.:/home/alex/.rbenv/versions/3.1.2/lib "gcc -o conftest -I/home/alex/.rbenv/versions/3.1.2/include/ruby-3.1.0/x86_64-linux -I/home/alex/.rbenv/versions/3.1.2/include/ruby-3.1.0/ruby/backward -I/home/alex/.rbenv/versions/3.1.2/include/ruby-3.1.0 -I. -I/usr/include/libxml2    -O3 -fno-fast-math -ggdb3 -Wall -Wextra -Wdeprecated-declarations -Wduplicated-cond -Wimplicit-function-declaration -Wimplicit-int -Wmisleading-indentation -Wpointer-arith -Wwrite-strings -Wimplicit-fallthrough=0 -Wmissing-noreturn -Wno-cast-function-type -Wno-constant-logical-operand -Wno-long-long -Wno-missing-field-initializers -Wno-overlength-strings -Wno-packed-bitfield-compat -Wno-parentheses-equality -Wno-self-assign -Wno-tautological-compare -Wno-unused-parameter -Wno-unused-value -Wsuggest-attribute=format -Wsuggest-attribute=noreturn -Wunused-variable -Wundef  -fPIC -std=c99 -Wno-declaration-after-statement -O2 -g -Winline -Wmissing-noreturn  conftest.c  -L. -L/home/alex/.rbenv/versions/3.1.2/lib -Wl,-rpath,/home/alex/.rbenv/versions/3.1.2/lib -L. -fstack-protector-strong -rdynamic -Wl,-export-dynamic -Wl,--no-as-needed     -lxslt -lxml2 -lz  -lxml2 -Wl,-rpath,/home/alex/.rbenv/versions/3.1.2/lib -L/home/alex/.rbenv/versions/3.1.2/lib -lruby -lexslt -lxslt -lxml2 -lz  -lxml2 -lm  -lc"
checked program was:
/* begin */
 1: #include "ruby.h"
 2: 
 3: #include <libexslt/exslt.h>
 4: 
 5: /*top*/
 6: extern int t(void);
 7: int main(int argc, char **argv)
 8: {
 9:   if (argc > 1000000) {
10:     int (* volatile tp)(void)=(int (*)(void))&t;
11:     printf("%d", (*tp)());
12:   }
13: 
14:   return !!argv[argc];
15: }
16: int t(void) { void ((*volatile p)()); p = (void ((*)()))exsltFuncRegister; return !p; }
/* end */

--------------------

LD_LIBRARY_PATH=.:/home/alex/.rbenv/versions/3.1.2/lib "gcc -E -I/home/alex/.rbenv/versions/3.1.2/include/ruby-3.1.0/x86_64-linux -I/home/alex/.rbenv/versions/3.1.2/include/ruby-3.1.0/ruby/backward -I/home/alex/.rbenv/versions/3.1.2/include/ruby-3.1.0 -I. -I/usr/include/libxml2    -O3 -fno-fast-math -ggdb3 -Wall -Wextra -Wdeprecated-declarations -Wduplicated-cond -Wimplicit-function-declaration -Wimplicit-int -Wmisleading-indentation -Wpointer-arith -Wwrite-strings -Wimplicit-fallthrough=0 -Wmissing-noreturn -Wno-cast-function-type -Wno-constant-logical-operand -Wno-long-long -Wno-missing-field-initializers -Wno-overlength-strings -Wno-packed-bitfield-compat -Wno-parentheses-equality -Wno-self-assign -Wno-tautological-compare -Wno-unused-parameter -Wno-unused-value -Wsuggest-attribute=format -Wsuggest-attribute=noreturn -Wunused-variable -Wundef  -fPIC -std=c99 -Wno-declaration-after-statement -O2 -g -Winline -Wmissing-noreturn   conftest.c -o conftest.i"
checked program was:
/* begin */
1: #include "ruby.h"
2: 
3: #include <libxml/xmlversion.h>
4: #if LIBXML_VERSION < 20902
5: #  error libxml2 is older than 2.9.2
6: #endif
/* end */

LD_LIBRARY_PATH=.:/home/alex/.rbenv/versions/3.1.2/lib "gcc -E -I/home/alex/.rbenv/versions/3.1.2/include/ruby-3.1.0/x86_64-linux -I/home/alex/.rbenv/versions/3.1.2/include/ruby-3.1.0/ruby/backward -I/home/alex/.rbenv/versions/3.1.2/include/ruby-3.1.0 -I. -I/usr/include/libxml2    -O3 -fno-fast-math -ggdb3 -Wall -Wextra -Wdeprecated-declarations -Wduplicated-cond -Wimplicit-function-declaration -Wimplicit-int -Wmisleading-indentation -Wpointer-arith -Wwrite-strings -Wimplicit-fallthrough=0 -Wmissing-noreturn -Wno-cast-function-type -Wno-constant-logical-operand -Wno-long-long -Wno-missing-field-initializers -Wno-overlength-strings -Wno-packed-bitfield-compat -Wno-parentheses-equality -Wno-self-assign -Wno-tautological-compare -Wno-unused-parameter -Wno-unused-value -Wsuggest-attribute=format -Wsuggest-attribute=noreturn -Wunused-variable -Wundef  -fPIC -std=c99 -Wno-declaration-after-statement -O2 -g -Winline -Wmissing-noreturn   conftest.c -o conftest.i"
conftest.c:5:4: error: #error libxml2 is older than 2.12.0
    5 | #  error libxml2 is older than 2.12.0
      |    ^~~~~
cc1: note: unrecognized command-line option ‘-Wno-self-assign’ may have been intended to silence earlier diagnostics
cc1: note: unrecognized command-line option ‘-Wno-parentheses-equality’ may have been intended to silence earlier diagnostics
cc1: note: unrecognized command-line option ‘-Wno-constant-logical-operand’ may have been intended to silence earlier diagnostics
checked program was:
/* begin */
1: #include "ruby.h"
2: 
3: #include <libxml/xmlversion.h>
4: #if LIBXML_VERSION < 21200
5: #  error libxml2 is older than 2.12.0
6: #endif
/* end */

block in append_cppflags: checking for whether -I/home/alex/Desktop/school_of_magic_api/vendor/bundle/ruby/3.1.0/gems/nokogiri-1.18.10/ext/nokogiri/ports/x86_64-linux/libgumbo/1.0.0-nokogiri/include is accepted as CPPFLAGS... -------------------- yes

LD_LIBRARY_PATH=.:/home/alex/.rbenv/versions/3.1.2/lib "gcc -I/home/alex/.rbenv/versions/3.1.2/include/ruby-3.1.0/x86_64-linux -I/home/alex/.rbenv/versions/3.1.2/include/ruby-3.1.0/ruby/backward -I/home/alex/.rbenv/versions/3.1.2/include/ruby-3.1.0 -I. -I/usr/include/libxml2    -O3 -fno-fast-math -ggdb3 -Wall -Wextra -Wdeprecated-declarations -Wduplicated-cond -Wimplicit-function-declaration -Wimplicit-int -Wmisleading-indentation -Wpointer-arith -Wwrite-strings -Wimplicit-fallthrough=0 -Wmissing-noreturn -Wno-cast-function-type -Wno-constant-logical-operand -Wno-long-long -Wno-missing-field-initializers -Wno-overlength-strings -Wno-packed-bitfield-compat -Wno-parentheses-equality -Wno-self-assign -Wno-tautological-compare -Wno-unused-parameter -Wno-unused-value -Wsuggest-attribute=format -Wsuggest-attribute=noreturn -Wunused-variable -Wundef  -fPIC -std=c99 -Wno-declaration-after-statement -O2 -g -Winline -Wmissing-noreturn   -I/home/alex/Desktop/school_of_magic_api/vendor/bundle/ruby/3.1.0/gems/nokogiri-1.18.10/ext/nokogiri/ports/x86_64-linux/libgumbo/1.0.0-nokogiri/include -Werror -c conftest.c"
checked program was:
/* begin */
1: #include "ruby.h"
2: 
3: int main(int argc, char **argv)
4: {
5:   return !!argv[argc];
6: }
/* end */

--------------------

have_func: checking for gumbo_parse_with_options() in nokogiri_gumbo.h... -------------------- yes

LD_LIBRARY_PATH=.:/home/alex/.rbenv/versions/3.1.2/lib "gcc -o conftest -I/home/alex/.rbenv/versions/3.1.2/include/ruby-3.1.0/x86_64-linux -I/home/alex/.rbenv/versions/3.1.2/include/ruby-3.1.0/ruby/backward -I/home/alex/.rbenv/versions/3.1.2/include/ruby-3.1.0 -I. -I/usr/include/libxml2    -I/home/alex/Desktop/school_of_magic_api/vendor/bundle/ruby/3.1.0/gems/nokogiri-1.18.10/ext/nokogiri/ports/x86_64-linux/libgumbo/1.0.0-nokogiri/include -O3 -fno-fast-math -ggdb3 -Wall -Wextra -Wdeprecated-declarations -Wduplicated-cond -Wimplicit-function-declaration -Wimplicit-int -Wmisleading-indentation -Wpointer-arith -Wwrite-strings -Wimplicit-fallthrough=0 -Wmissing-noreturn -Wno-cast-function-type -Wno-constant-logical-operand -Wno-long-long -Wno-missing-field-initializers -Wno-overlength-strings -Wno-packed-bitfield-compat -Wno-parentheses-equality -Wno-self-assign -Wno-tautological-compare -Wno-unused-parameter -Wno-unused-value -Wsuggest-attribute=format -Wsuggest-attribute=noreturn -Wunused-variable -Wundef  -fPIC -std=c99 -Wno-declaration-after-statement -O2 -g -Winline -Wmissing-noreturn  conftest.c  -L. -L/home/alex/.rbenv/versions/3.1.2/lib -Wl,-rpath,/home/alex/.rbenv/versions/3.1.2/lib -L/home/alex/Desktop/school_of_magic_api/vendor/bundle/ruby/3.1.0/gems/nokogiri-1.18.10/ext/nokogiri/ports/x86_64-linux/libgumbo/1.0.0-nokogiri/lib -Wl,-rpath,/home/alex/Desktop/school_of_magic_api/vendor/bundle/ruby/3.1.0/gems/nokogiri-1.18.10/ext/nokogiri/ports/x86_64-linux/libgumbo/1.0.0-nokogiri/lib -L. -fstack-protector-strong -rdynamic -Wl,-export-dynamic -Wl,--no-as-needed     -lexslt -lxslt -lxml2 -lz  -lxml2 /home/alex/Desktop/school_of_magic_api/vendor/bundle/ruby/3.1.0/gems/nokogiri-1.18.10/ext/nokogiri/ports/x86_64-linux/libgumbo/1.0.0-nokogiri/lib/libgumbo.a -Wl,-rpath,/home/alex/.rbenv/versions/3.1.2/lib -L/home/alex/.rbenv/versions/3.1.2/lib -lruby -lexslt -lxslt -lxml2 -lz  -lxml2 /home/alex/Desktop/school_of_magic_api/vendor/bundle/ruby/3.1.0/gems/nokogiri-1.18.10/ext/nokogiri/ports/x86_64-linux/libgumbo/1.0.0-nokogiri/lib/libgumbo.a -lm  -lc"
checked program was:
/* begin */
 1: #include "ruby.h"
 2: 
 3: #include <nokogiri_gumbo.h>
 4: 
 5: /*top*/
 6: extern int t(void);
 7: int main(int argc, char **argv)
 8: {
 9:   if (argc > 1000000) {
10:     int (* volatile tp)(void)=(int (*)(void))&t;
11:     printf("%d", (*tp)());
12:   }
13: 
14:   return !!argv[argc];
15: }
16: int t(void) { void ((*volatile p)()); p = (void ((*)()))gumbo_parse_with_options; return !p; }
/* end */

--------------------

have_func: checking for xmlCtxtSetOptions()... -------------------- no

LD_LIBRARY_PATH=.:/home/alex/.rbenv/versions/3.1.2/lib "gcc -o conftest -I/home/alex/.rbenv/versions/3.1.2/include/ruby-3.1.0/x86_64-linux -I/home/alex/.rbenv/versions/3.1.2/include/ruby-3.1.0/ruby/backward -I/home/alex/.rbenv/versions/3.1.2/include/ruby-3.1.0 -I. -I/usr/include/libxml2    -I/home/alex/Desktop/school_of_magic_api/vendor/bundle/ruby/3.1.0/gems/nokogiri-1.18.10/ext/nokogiri/ports/x86_64-linux/libgumbo/1.0.0-nokogiri/include -O3 -fno-fast-math -ggdb3 -Wall -Wextra -Wdeprecated-declarations -Wduplicated-cond -Wimplicit-function-declaration -Wimplicit-int -Wmisleading-indentation -Wpointer-arith -Wwrite-strings -Wimplicit-fallthrough=0 -Wmissing-noreturn -Wno-cast-function-type -Wno-constant-logical-operand -Wno-long-long -Wno-missing-field-initializers -Wno-overlength-strings -Wno-packed-bitfield-compat -Wno-parentheses-equality -Wno-self-assign -Wno-tautological-compare -Wno-unused-parameter -Wno-unused-value -Wsuggest-attribute=format -Wsuggest-attribute=noreturn -Wunused-variable -Wundef  -fPIC -std=c99 -Wno-declaration-after-statement -O2 -g -Winline -Wmissing-noreturn  conftest.c  -L. -L/home/alex/.rbenv/versions/3.1.2/lib -Wl,-rpath,/home/alex/.rbenv/versions/3.1.2/lib -L/home/alex/Desktop/school_of_magic_api/vendor/bundle/ruby/3.1.0/gems/nokogiri-1.18.10/ext/nokogiri/ports/x86_64-linux/libgumbo/1.0.0-nokogiri/lib -Wl,-rpath,/home/alex/Desktop/school_of_magic_api/vendor/bundle/ruby/3.1.0/gems/nokogiri-1.18.10/ext/nokogiri/ports/x86_64-linux/libgumbo/1.0.0-nokogiri/lib -L. -fstack-protector-strong -rdynamic -Wl,-export-dynamic -Wl,--no-as-needed     -lexslt -lxslt -lxml2 -lz  -lxml2 /home/alex/Desktop/school_of_magic_api/vendor/bundle/ruby/3.1.0/gems/nokogiri-1.18.10/ext/nokogiri/ports/x86_64-linux/libgumbo/1.0.0-nokogiri/lib/libgumbo.a -Wl,-rpath,/home/alex/.rbenv/versions/3.1.2/lib -L/home/alex/.rbenv/versions/3.1.2/lib -lruby -lexslt -lxslt -lxml2 -lz  -lxml2 /home/alex/Desktop/school_of_magic_api/vendor/bundle/ruby/3.1.0/gems/nokogiri-1.18.10/ext/nokogiri/ports/x86_64-linux/libgumbo/1.0.0-nokogiri/lib/libgumbo.a -lm  -lc"
conftest.c: In function ‘t’:
conftest.c:14:57: error: ‘xmlCtxtSetOptions’ undeclared (first use in this function)
   14 | int t(void) { void ((*volatile p)()); p = (void ((*)()))xmlCtxtSetOptions; return !p; }
      |                                                         ^~~~~~~~~~~~~~~~~
conftest.c:14:57: note: each undeclared identifier is reported only once for each function it appears in
conftest.c: At top level:
cc1: note: unrecognized command-line option ‘-Wno-self-assign’ may have been intended to silence earlier diagnostics
cc1: note: unrecognized command-line option ‘-Wno-parentheses-equality’ may have been intended to silence earlier diagnostics
cc1: note: unrecognized command-line option ‘-Wno-constant-logical-operand’ may have been intended to silence earlier diagnostics
checked program was:
/* begin */
 1: #include "ruby.h"
 2: 
 3: /*top*/
 4: extern int t(void);
 5: int main(int argc, char **argv)
 6: {
 7:   if (argc > 1000000) {
 8:     int (* volatile tp)(void)=(int (*)(void))&t;
 9:     printf("%d", (*tp)());
10:   }
11: 
12:   return !!argv[argc];
13: }
14: int t(void) { void ((*volatile p)()); p = (void ((*)()))xmlCtxtSetOptions; return !p; }
/* end */

LD_LIBRARY_PATH=.:/home/alex/.rbenv/versions/3.1.2/lib "gcc -o conftest -I/home/alex/.rbenv/versions/3.1.2/include/ruby-3.1.0/x86_64-linux -I/home/alex/.rbenv/versions/3.1.2/include/ruby-3.1.0/ruby/backward -I/home/alex/.rbenv/versions/3.1.2/include/ruby-3.1.0 -I. -I/usr/include/libxml2    -I/home/alex/Desktop/school_of_magic_api/vendor/bundle/ruby/3.1.0/gems/nokogiri-1.18.10/ext/nokogiri/ports/x86_64-linux/libgumbo/1.0.0-nokogiri/include -O3 -fno-fast-math -ggdb3 -Wall -Wextra -Wdeprecated-declarations -Wduplicated-cond -Wimplicit-function-declaration -Wimplicit-int -Wmisleading-indentation -Wpointer-arith -Wwrite-strings -Wimplicit-fallthrough=0 -Wmissing-noreturn -Wno-cast-function-type -Wno-constant-logical-operand -Wno-long-long -Wno-missing-field-initializers -Wno-overlength-strings -Wno-packed-bitfield-compat -Wno-parentheses-equality -Wno-self-assign -Wno-tautological-compare -Wno-unused-parameter -Wno-unused-value -Wsuggest-attribute=format -Wsuggest-attribute=noreturn -Wunused-variable -Wundef  -fPIC -std=c99 -Wno-declaration-after-statement -O2 -g -Winline -Wmissing-noreturn  conftest.c  -L. -L/home/alex/.rbenv/versions/3.1.2/lib -Wl,-rpath,/home/alex/.rbenv/versions/3.1.2/lib -L/home/alex/Desktop/school_of_magic_api/vendor/bundle/ruby/3.1.0/gems/nokogiri-1.18.10/ext/nokogiri/ports/x86_64-linux/libgumbo/1.0.0-nokogiri/lib -Wl,-rpath,/home/alex/Desktop/school_of_magic_api/vendor/bundle/ruby/3.1.0/gems/nokogiri-1.18.10/ext/nokogiri/ports/x86_64-linux/libgumbo/1.0.0-nokogiri/lib -L. -fstack-protector-strong -rdynamic -Wl,-export-dynamic -Wl,--no-as-needed     -lexslt -lxslt -lxml2 -lz  -lxml2 /home/alex/Desktop/school_of_magic_api/vendor/bundle/ruby/3.1.0/gems/nokogiri-1.18.10/ext/nokogiri/ports/x86_64-linux/libgumbo/1.0.0-nokogiri/lib/libgumbo.a -Wl,-rpath,/home/alex/.rbenv/versions/3.1.2/lib -L/home/alex/.rbenv/versions/3.1.2/lib -lruby -lexslt -lxslt -lxml2 -lz  -lxml2 /home/alex/Desktop/school_of_magic_api/vendor/bundle/ruby/3.1.0/gems/nokogiri-1.18.10/ext/nokogiri/ports/x86_64-linux/libgumbo/1.0.0-nokogiri/lib/libgumbo.a -lm  -lc"
/usr/bin/ld: /tmp/ccHUkipQ.o: in function `t':
/home/alex/Desktop/school_of_magic_api/vendor/bundle/ruby/3.1.0/gems/nokogiri-1.18.10/ext/nokogiri/conftest.c:15: undefined reference to `xmlCtxtSetOptions'
collect2: error: ld returned 1 exit status
checked program was:
/* begin */
 1: #include "ruby.h"
 2: 
 3: /*top*/
 4: extern int t(void);
 5: int main(int argc, char **argv)
 6: {
 7:   if (argc > 1000000) {
 8:     int (* volatile tp)(void)=(int (*)(void))&t;
 9:     printf("%d", (*tp)());
10:   }
11: 
12:   return !!argv[argc];
13: }
14: extern void xmlCtxtSetOptions();
15: int t(void) { xmlCtxtSetOptions(); return 0; }
/* end */

--------------------

have_func: checking for xmlCtxtGetOptions()... -------------------- no

LD_LIBRARY_PATH=.:/home/alex/.rbenv/versions/3.1.2/lib "gcc -o conftest -I/home/alex/.rbenv/versions/3.1.2/include/ruby-3.1.0/x86_64-linux -I/home/alex/.rbenv/versions/3.1.2/include/ruby-3.1.0/ruby/backward -I/home/alex/.rbenv/versions/3.1.2/include/ruby-3.1.0 -I. -I/usr/include/libxml2    -I/home/alex/Desktop/school_of_magic_api/vendor/bundle/ruby/3.1.0/gems/nokogiri-1.18.10/ext/nokogiri/ports/x86_64-linux/libgumbo/1.0.0-nokogiri/include -O3 -fno-fast-math -ggdb3 -Wall -Wextra -Wdeprecated-declarations -Wduplicated-cond -Wimplicit-function-declaration -Wimplicit-int -Wmisleading-indentation -Wpointer-arith -Wwrite-strings -Wimplicit-fallthrough=0 -Wmissing-noreturn -Wno-cast-function-type -Wno-constant-logical-operand -Wno-long-long -Wno-missing-field-initializers -Wno-overlength-strings -Wno-packed-bitfield-compat -Wno-parentheses-equality -Wno-self-assign -Wno-tautological-compare -Wno-unused-parameter -Wno-unused-value -Wsuggest-attribute=format -Wsuggest-attribute=noreturn -Wunused-variable -Wundef  -fPIC -std=c99 -Wno-declaration-after-statement -O2 -g -Winline -Wmissing-noreturn  conftest.c  -L. -L/home/alex/.rbenv/versions/3.1.2/lib -Wl,-rpath,/home/alex/.rbenv/versions/3.1.2/lib -L/home/alex/Desktop/school_of_magic_api/vendor/bundle/ruby/3.1.0/gems/nokogiri-1.18.10/ext/nokogiri/ports/x86_64-linux/libgumbo/1.0.0-nokogiri/lib -Wl,-rpath,/home/alex/Desktop/school_of_magic_api/vendor/bundle/ruby/3.1.0/gems/nokogiri-1.18.10/ext/nokogiri/ports/x86_64-linux/libgumbo/1.0.0-nokogiri/lib -L. -fstack-protector-strong -rdynamic -Wl,-export-dynamic -Wl,--no-as-needed     -lexslt -lxslt -lxml2 -lz  -lxml2 /home/alex/Desktop/school_of_magic_api/vendor/bundle/ruby/3.1.0/gems/nokogiri-1.18.10/ext/nokogiri/ports/x86_64-linux/libgumbo/1.0.0-nokogiri/lib/libgumbo.a -Wl,-rpath,/home/alex/.rbenv/versions/3.1.2/lib -L/home/alex/.rbenv/versions/3.1.2/lib -lruby -lexslt -lxslt -lxml2 -lz  -lxml2 /home/alex/Desktop/school_of_magic_api/vendor/bundle/ruby/3.1.0/gems/nokogiri-1.18.10/ext/nokogiri/ports/x86_64-linux/libgumbo/1.0.0-nokogiri/lib/libgumbo.a -lm  -lc"
conftest.c: In function ‘t’:
conftest.c:14:57: error: ‘xmlCtxtGetOptions’ undeclared (first use in this function)
   14 | int t(void) { void ((*volatile p)()); p = (void ((*)()))xmlCtxtGetOptions; return !p; }
      |                                                         ^~~~~~~~~~~~~~~~~
conftest.c:14:57: note: each undeclared identifier is reported only once for each function it appears in
conftest.c: At top level:
cc1: note: unrecognized command-line option ‘-Wno-self-assign’ may have been intended to silence earlier diagnostics
cc1: note: unrecognized command-line option ‘-Wno-parentheses-equality’ may have been intended to silence earlier diagnostics
cc1: note: unrecognized command-line option ‘-Wno-constant-logical-operand’ may have been intended to silence earlier diagnostics
checked program was:
/* begin */
 1: #include "ruby.h"
 2: 
 3: /*top*/
 4: extern int t(void);
 5: int main(int argc, char **argv)
 6: {
 7:   if (argc > 1000000) {
 8:     int (* volatile tp)(void)=(int (*)(void))&t;
 9:     printf("%d", (*tp)());
10:   }
11: 
12:   return !!argv[argc];
13: }
14: int t(void) { void ((*volatile p)()); p = (void ((*)()))xmlCtxtGetOptions; return !p; }
/* end */

LD_LIBRARY_PATH=.:/home/alex/.rbenv/versions/3.1.2/lib "gcc -o conftest -I/home/alex/.rbenv/versions/3.1.2/include/ruby-3.1.0/x86_64-linux -I/home/alex/.rbenv/versions/3.1.2/include/ruby-3.1.0/ruby/backward -I/home/alex/.rbenv/versions/3.1.2/include/ruby-3.1.0 -I. -I/usr/include/libxml2    -I/home/alex/Desktop/school_of_magic_api/vendor/bundle/ruby/3.1.0/gems/nokogiri-1.18.10/ext/nokogiri/ports/x86_64-linux/libgumbo/1.0.0-nokogiri/include -O3 -fno-fast-math -ggdb3 -Wall -Wextra -Wdeprecated-declarations -Wduplicated-cond -Wimplicit-function-declaration -Wimplicit-int -Wmisleading-indentation -Wpointer-arith -Wwrite-strings -Wimplicit-fallthrough=0 -Wmissing-noreturn -Wno-cast-function-type -Wno-constant-logical-operand -Wno-long-long -Wno-missing-field-initializers -Wno-overlength-strings -Wno-packed-bitfield-compat -Wno-parentheses-equality -Wno-self-assign -Wno-tautological-compare -Wno-unused-parameter -Wno-unused-value -Wsuggest-attribute=format -Wsuggest-attribute=noreturn -Wunused-variable -Wundef  -fPIC -std=c99 -Wno-declaration-after-statement -O2 -g -Winline -Wmissing-noreturn  conftest.c  -L. -L/home/alex/.rbenv/versions/3.1.2/lib -Wl,-rpath,/home/alex/.rbenv/versions/3.1.2/lib -L/home/alex/Desktop/school_of_magic_api/vendor/bundle/ruby/3.1.0/gems/nokogiri-1.18.10/ext/nokogiri/ports/x86_64-linux/libgumbo/1.0.0-nokogiri/lib -Wl,-rpath,/home/alex/Desktop/school_of_magic_api/vendor/bundle/ruby/3.1.0/gems/nokogiri-1.18.10/ext/nokogiri/ports/x86_64-linux/libgumbo/1.0.0-nokogiri/lib -L. -fstack-protector-strong -rdynamic -Wl,-export-dynamic -Wl,--no-as-needed     -lexslt -lxslt -lxml2 -lz  -lxml2 /home/alex/Desktop/school_of_magic_api/vendor/bundle/ruby/3.1.0/gems/nokogiri-1.18.10/ext/nokogiri/ports/x86_64-linux/libgumbo/1.0.0-nokogiri/lib/libgumbo.a -Wl,-rpath,/home/alex/.rbenv/versions/3.1.2/lib -L/home/alex/.rbenv/versions/3.1.2/lib -lruby -lexslt -lxslt -lxml2 -lz  -lxml2 /home/alex/Desktop/school_of_magic_api/vendor/bundle/ruby/3.1.0/gems/nokogiri-1.18.10/ext/nokogiri/ports/x86_64-linux/libgumbo/1.0.0-nokogiri/lib/libgumbo.a -lm  -lc"
/usr/bin/ld: /tmp/ccm39w4h.o: in function `t':
/home/alex/Desktop/school_of_magic_api/vendor/bundle/ruby/3.1.0/gems/nokogiri-1.18.10/ext/nokogiri/conftest.c:15: undefined reference to `xmlCtxtGetOptions'
collect2: error: ld returned 1 exit status
checked program was:
/* begin */
 1: #include "ruby.h"
 2: 
 3: /*top*/
 4: extern int t(void);
 5: int main(int argc, char **argv)
 6: {
 7:   if (argc > 1000000) {
 8:     int (* volatile tp)(void)=(int (*)(void))&t;
 9:     printf("%d", (*tp)());
10:   }
11: 
12:   return !!argv[argc];
13: }
14: extern void xmlCtxtGetOptions();
15: int t(void) { xmlCtxtGetOptions(); return 0; }
/* end */

--------------------

have_func: checking for xmlSwitchEncodingName()... -------------------- no

LD_LIBRARY_PATH=.:/home/alex/.rbenv/versions/3.1.2/lib "gcc -o conftest -I/home/alex/.rbenv/versions/3.1.2/include/ruby-3.1.0/x86_64-linux -I/home/alex/.rbenv/versions/3.1.2/include/ruby-3.1.0/ruby/backward -I/home/alex/.rbenv/versions/3.1.2/include/ruby-3.1.0 -I. -I/usr/include/libxml2    -I/home/alex/Desktop/school_of_magic_api/vendor/bundle/ruby/3.1.0/gems/nokogiri-1.18.10/ext/nokogiri/ports/x86_64-linux/libgumbo/1.0.0-nokogiri/include -O3 -fno-fast-math -ggdb3 -Wall -Wextra -Wdeprecated-declarations -Wduplicated-cond -Wimplicit-function-declaration -Wimplicit-int -Wmisleading-indentation -Wpointer-arith -Wwrite-strings -Wimplicit-fallthrough=0 -Wmissing-noreturn -Wno-cast-function-type -Wno-constant-logical-operand -Wno-long-long -Wno-missing-field-initializers -Wno-overlength-strings -Wno-packed-bitfield-compat -Wno-parentheses-equality -Wno-self-assign -Wno-tautological-compare -Wno-unused-parameter -Wno-unused-value -Wsuggest-attribute=format -Wsuggest-attribute=noreturn -Wunused-variable -Wundef  -fPIC -std=c99 -Wno-declaration-after-statement -O2 -g -Winline -Wmissing-noreturn  conftest.c  -L. -L/home/alex/.rbenv/versions/3.1.2/lib -Wl,-rpath,/home/alex/.rbenv/versions/3.1.2/lib -L/home/alex/Desktop/school_of_magic_api/vendor/bundle/ruby/3.1.0/gems/nokogiri-1.18.10/ext/nokogiri/ports/x86_64-linux/libgumbo/1.0.0-nokogiri/lib -Wl,-rpath,/home/alex/Desktop/school_of_magic_api/vendor/bundle/ruby/3.1.0/gems/nokogiri-1.18.10/ext/nokogiri/ports/x86_64-linux/libgumbo/1.0.0-nokogiri/lib -L. -fstack-protector-strong -rdynamic -Wl,-export-dynamic -Wl,--no-as-needed     -lexslt -lxslt -lxml2 -lz  -lxml2 /home/alex/Desktop/school_of_magic_api/vendor/bundle/ruby/3.1.0/gems/nokogiri-1.18.10/ext/nokogiri/ports/x86_64-linux/libgumbo/1.0.0-nokogiri/lib/libgumbo.a -Wl,-rpath,/home/alex/.rbenv/versions/3.1.2/lib -L/home/alex/.rbenv/versions/3.1.2/lib -lruby -lexslt -lxslt -lxml2 -lz  -lxml2 /home/alex/Desktop/school_of_magic_api/vendor/bundle/ruby/3.1.0/gems/nokogiri-1.18.10/ext/nokogiri/ports/x86_64-linux/libgumbo/1.0.0-nokogiri/lib/libgumbo.a -lm  -lc"
conftest.c: In function ‘t’:
conftest.c:14:57: error: ‘xmlSwitchEncodingName’ undeclared (first use in this function)
   14 | int t(void) { void ((*volatile p)()); p = (void ((*)()))xmlSwitchEncodingName; return !p; }
      |                                                         ^~~~~~~~~~~~~~~~~~~~~
conftest.c:14:57: note: each undeclared identifier is reported only once for each function it appears in
conftest.c: At top level:
cc1: note: unrecognized command-line option ‘-Wno-self-assign’ may have been intended to silence earlier diagnostics
cc1: note: unrecognized command-line option ‘-Wno-parentheses-equality’ may have been intended to silence earlier diagnostics
cc1: note: unrecognized command-line option ‘-Wno-constant-logical-operand’ may have been intended to silence earlier diagnostics
checked program was:
/* begin */
 1: #include "ruby.h"
 2: 
 3: /*top*/
 4: extern int t(void);
 5: int main(int argc, char **argv)
 6: {
 7:   if (argc > 1000000) {
 8:     int (* volatile tp)(void)=(int (*)(void))&t;
 9:     printf("%d", (*tp)());
10:   }
11: 
12:   return !!argv[argc];
13: }
14: int t(void) { void ((*volatile p)()); p = (void ((*)()))xmlSwitchEncodingName; return !p; }
/* end */

LD_LIBRARY_PATH=.:/home/alex/.rbenv/versions/3.1.2/lib "gcc -o conftest -I/home/alex/.rbenv/versions/3.1.2/include/ruby-3.1.0/x86_64-linux -I/home/alex/.rbenv/versions/3.1.2/include/ruby-3.1.0/ruby/backward -I/home/alex/.rbenv/versions/3.1.2/include/ruby-3.1.0 -I. -I/usr/include/libxml2    -I/home/alex/Desktop/school_of_magic_api/vendor/bundle/ruby/3.1.0/gems/nokogiri-1.18.10/ext/nokogiri/ports/x86_64-linux/libgumbo/1.0.0-nokogiri/include -O3 -fno-fast-math -ggdb3 -Wall -Wextra -Wdeprecated-declarations -Wduplicated-cond -Wimplicit-function-declaration -Wimplicit-int -Wmisleading-indentation -Wpointer-arith -Wwrite-strings -Wimplicit-fallthrough=0 -Wmissing-noreturn -Wno-cast-function-type -Wno-constant-logical-operand -Wno-long-long -Wno-missing-field-initializers -Wno-overlength-strings -Wno-packed-bitfield-compat -Wno-parentheses-equality -Wno-self-assign -Wno-tautological-compare -Wno-unused-parameter -Wno-unused-value -Wsuggest-attribute=format -Wsuggest-attribute=noreturn -Wunused-variable -Wundef  -fPIC -std=c99 -Wno-declaration-after-statement -O2 -g -Winline -Wmissing-noreturn  conftest.c  -L. -L/home/alex/.rbenv/versions/3.1.2/lib -Wl,-rpath,/home/alex/.rbenv/versions/3.1.2/lib -L/home/alex/Desktop/school_of_magic_api/vendor/bundle/ruby/3.1.0/gems/nokogiri-1.18.10/ext/nokogiri/ports/x86_64-linux/libgumbo/1.0.0-nokogiri/lib -Wl,-rpath,/home/alex/Desktop/school_of_magic_api/vendor/bundle/ruby/3.1.0/gems/nokogiri-1.18.10/ext/nokogiri/ports/x86_64-linux/libgumbo/1.0.0-nokogiri/lib -L. -fstack-protector-strong -rdynamic -Wl,-export-dynamic -Wl,--no-as-needed     -lexslt -lxslt -lxml2 -lz  -lxml2 /home/alex/Desktop/school_of_magic_api/vendor/bundle/ruby/3.1.0/gems/nokogiri-1.18.10/ext/nokogiri/ports/x86_64-linux/libgumbo/1.0.0-nokogiri/lib/libgumbo.a -Wl,-rpath,/home/alex/.rbenv/versions/3.1.2/lib -L/home/alex/.rbenv/versions/3.1.2/lib -lruby -lexslt -lxslt -lxml2 -lz  -lxml2 /home/alex/Desktop/school_of_magic_api/vendor/bundle/ruby/3.1.0/gems/nokogiri-1.18.10/ext/nokogiri/ports/x86_64-linux/libgumbo/1.0.0-nokogiri/lib/libgumbo.a -lm  -lc"
/usr/bin/ld: /tmp/ccJtuU9X.o: in function `t':
/home/alex/Desktop/school_of_magic_api/vendor/bundle/ruby/3.1.0/gems/nokogiri-1.18.10/ext/nokogiri/conftest.c:15: undefined reference to `xmlSwitchEncodingName'
collect2: error: ld returned 1 exit status
checked program was:
/* begin */
 1: #include "ruby.h"
 2: 
 3: /*top*/
 4: extern int t(void);
 5: int main(int argc, char **argv)
 6: {
 7:   if (argc > 1000000) {
 8:     int (* volatile tp)(void)=(int (*)(void))&t;
 9:     printf("%d", (*tp)());
10:   }
11: 
12:   return !!argv[argc];
13: }
14: extern void xmlSwitchEncodingName();
15: int t(void) { xmlSwitchEncodingName(); return 0; }
/* end */

--------------------

have_func: checking for rb_category_warning()... -------------------- yes

LD_LIBRARY_PATH=.:/home/alex/.rbenv/versions/3.1.2/lib "gcc -o conftest -I/home/alex/.rbenv/versions/3.1.2/include/ruby-3.1.0/x86_64-linux -I/home/alex/.rbenv/versions/3.1.2/include/ruby-3.1.0/ruby/backward -I/home/alex/.rbenv/versions/3.1.2/include/ruby-3.1.0 -I. -I/usr/include/libxml2    -I/home/alex/Desktop/school_of_magic_api/vendor/bundle/ruby/3.1.0/gems/nokogiri-1.18.10/ext/nokogiri/ports/x86_64-linux/libgumbo/1.0.0-nokogiri/include -O3 -fno-fast-math -ggdb3 -Wall -Wextra -Wdeprecated-declarations -Wduplicated-cond -Wimplicit-function-declaration -Wimplicit-int -Wmisleading-indentation -Wpointer-arith -Wwrite-strings -Wimplicit-fallthrough=0 -Wmissing-noreturn -Wno-cast-function-type -Wno-constant-logical-operand -Wno-long-long -Wno-missing-field-initializers -Wno-overlength-strings -Wno-packed-bitfield-compat -Wno-parentheses-equality -Wno-self-assign -Wno-tautological-compare -Wno-unused-parameter -Wno-unused-value -Wsuggest-attribute=format -Wsuggest-attribute=noreturn -Wunused-variable -Wundef  -fPIC -std=c99 -Wno-declaration-after-statement -O2 -g -Winline -Wmissing-noreturn  conftest.c  -L. -L/home/alex/.rbenv/versions/3.1.2/lib -Wl,-rpath,/home/alex/.rbenv/versions/3.1.2/lib -L/home/alex/Desktop/school_of_magic_api/vendor/bundle/ruby/3.1.0/gems/nokogiri-1.18.10/ext/nokogiri/ports/x86_64-linux/libgumbo/1.0.0-nokogiri/lib -Wl,-rpath,/home/alex/Desktop/school_of_magic_api/vendor/bundle/ruby/3.1.0/gems/nokogiri-1.18.10/ext/nokogiri/ports/x86_64-linux/libgumbo/1.0.0-nokogiri/lib -L. -fstack-protector-strong -rdynamic -Wl,-export-dynamic -Wl,--no-as-needed     -lexslt -lxslt -lxml2 -lz  -lxml2 /home/alex/Desktop/school_of_magic_api/vendor/bundle/ruby/3.1.0/gems/nokogiri-1.18.10/ext/nokogiri/ports/x86_64-linux/libgumbo/1.0.0-nokogiri/lib/libgumbo.a -Wl,-rpath,/home/alex/.rbenv/versions/3.1.2/lib -L/home/alex/.rbenv/versions/3.1.2/lib -lruby -lexslt -lxslt -lxml2 -lz  -lxml2 /home/alex/Desktop/school_of_magic_api/vendor/bundle/ruby/3.1.0/gems/nokogiri-1.18.10/ext/nokogiri/ports/x86_64-linux/libgumbo/1.0.0-nokogiri/lib/libgumbo.a -lm  -lc"
checked program was:
/* begin */
 1: #include "ruby.h"
 2: 
 3: /*top*/
 4: extern int t(void);
 5: int main(int argc, char **argv)
 6: {
 7:   if (argc > 1000000) {
 8:     int (* volatile tp)(void)=(int (*)(void))&t;
 9:     printf("%d", (*tp)());
10:   }
11: 
12:   return !!argv[argc];
13: }
14: int t(void) { void ((*volatile p)()); p = (void ((*)()))rb_category_warning; return !p; }
/* end */

--------------------

block in append_cppflags: checking for whether -DNOKOGIRI_OTHER_LIBRARY_VERSIONS="\"libgumbo:1.0.0-nokogiri\"" is accepted as CPPFLAGS... -------------------- yes

LD_LIBRARY_PATH=.:/home/alex/.rbenv/versions/3.1.2/lib "gcc -I/home/alex/.rbenv/versions/3.1.2/include/ruby-3.1.0/x86_64-linux -I/home/alex/.rbenv/versions/3.1.2/include/ruby-3.1.0/ruby/backward -I/home/alex/.rbenv/versions/3.1.2/include/ruby-3.1.0 -I. -I/usr/include/libxml2    -I/home/alex/Desktop/school_of_magic_api/vendor/bundle/ruby/3.1.0/gems/nokogiri-1.18.10/ext/nokogiri/ports/x86_64-linux/libgumbo/1.0.0-nokogiri/include -O3 -fno-fast-math -ggdb3 -Wall -Wextra -Wdeprecated-declarations -Wduplicated-cond -Wimplicit-function-declaration -Wimplicit-int -Wmisleading-indentation -Wpointer-arith -Wwrite-strings -Wimplicit-fallthrough=0 -Wmissing-noreturn -Wno-cast-function-type -Wno-constant-logical-operand -Wno-long-long -Wno-missing-field-initializers -Wno-overlength-strings -Wno-packed-bitfield-compat -Wno-parentheses-equality -Wno-self-assign -Wno-tautological-compare -Wno-unused-parameter -Wno-unused-value -Wsuggest-attribute=format -Wsuggest-attribute=noreturn -Wunused-variable -Wundef  -fPIC -std=c99 -Wno-declaration-after-statement -O2 -g -Winline -Wmissing-noreturn   -DNOKOGIRI_OTHER_LIBRARY_VERSIONS="\"libgumbo:1.0.0-nokogiri\"" -Werror -c conftest.c"
checked program was:
/* begin */
1: #include "ruby.h"
2: 
3: int main(int argc, char **argv)
4: {
5:   return !!argv[argc];
6: }
/* end */

--------------------

