current directory: /home/alex/Desktop/school_of_magic_api/vendor/bundle/ruby/3.2.0/gems/psych-5.3.1/ext/psych
/home/alex/.rbenv/versions/3.2.2/bin/ruby extconf.rb
creating Makefile

current directory: /home/alex/Desktop/school_of_magic_api/vendor/bundle/ruby/3.2.0/gems/psych-5.3.1/ext/psych
make DESTDIR\= sitearchdir\=./.gem.20260110-11381-5fzl44 sitelibdir\=./.gem.20260110-11381-5fzl44 clean
cd libyaml && make clean
/bin/sh: 1: cd: can't cd to libyaml
make: [Makefile:283: clean-so] Error 2 (ignored)

current directory: /home/alex/Desktop/school_of_magic_api/vendor/bundle/ruby/3.2.0/gems/psych-5.3.1/ext/psych
make DESTDIR\= sitearchdir\=./.gem.20260110-11381-5fzl44 sitelibdir\=./.gem.20260110-11381-5fzl44
compiling psych.c
compiling psych_emitter.c
compiling psych_parser.c
compiling psych_to_ruby.c
compiling psych_yaml_tree.c
linking shared-object psych.so

current directory: /home/alex/Desktop/school_of_magic_api/vendor/bundle/ruby/3.2.0/gems/psych-5.3.1/ext/psych
make DESTDIR\= sitearchdir\=./.gem.20260110-11381-5fzl44 sitelibdir\=./.gem.20260110-11381-5fzl44 install
/usr/bin/install -c -m 0755 psych.so ./.gem.20260110-11381-5fzl44

current directory: /home/alex/Desktop/school_of_magic_api/vendor/bundle/ruby/3.2.0/gems/psych-5.3.1/ext/psych
make DESTDIR\= sitearchdir\=./.gem.20260110-11381-5fzl44 sitelibdir\=./.gem.20260110-11381-5fzl44 clean
cd libyaml && make clean
/bin/sh: 1: cd: can't cd to libyaml
make: [Makefile:283: clean-so] Error 2 (ignored)
