current directory: /home/alex/Desktop/school_of_magic_api/vendor/bundle/ruby/3.2.0/gems/puma-5.6.9/ext/puma_http11
/home/alex/.rbenv/versions/3.2.2/bin/ruby extconf.rb
using OpenSSL pkgconfig (openssl.pc)
checking for openssl/bio.h... yes
checking for DTLS_method() in openssl/ssl.h... yes
checking for TLS_server_method() in openssl/ssl.h... yes
checking for SSL_CTX_set_min_proto_version(NULL, 0) in openssl/ssl.h... yes
checking for X509_STORE_up_ref()... yes
checking for SSL_CTX_set_ecdh_auto(NULL, 0) in openssl/ssl.h... yes
checking for SSL_CTX_set_dh_auto(NULL, 0) in openssl/ssl.h... yes
checking for SSL_get1_peer_certificate() in openssl/ssl.h... yes
checking for Random.bytes... yes
creating Makefile

current directory: /home/alex/Desktop/school_of_magic_api/vendor/bundle/ruby/3.2.0/gems/puma-5.6.9/ext/puma_http11
make DESTDIR\= sitearchdir\=./.gem.20260110-11381-zbtucs sitelibdir\=./.gem.20260110-11381-zbtucs clean

current directory: /home/alex/Desktop/school_of_magic_api/vendor/bundle/ruby/3.2.0/gems/puma-5.6.9/ext/puma_http11
make DESTDIR\= sitearchdir\=./.gem.20260110-11381-zbtucs sitelibdir\=./.gem.20260110-11381-zbtucs
compiling http11_parser.c
compiling mini_ssl.c
compiling puma_http11.c
linking shared-object puma/puma_http11.so

current directory: /home/alex/Desktop/school_of_magic_api/vendor/bundle/ruby/3.2.0/gems/puma-5.6.9/ext/puma_http11
make DESTDIR\= sitearchdir\=./.gem.20260110-11381-zbtucs sitelibdir\=./.gem.20260110-11381-zbtucs install
/usr/bin/install -c -m 0755 puma_http11.so ./.gem.20260110-11381-zbtucs/puma

current directory: /home/alex/Desktop/school_of_magic_api/vendor/bundle/ruby/3.2.0/gems/puma-5.6.9/ext/puma_http11
make DESTDIR\= sitearchdir\=./.gem.20260110-11381-zbtucs sitelibdir\=./.gem.20260110-11381-zbtucs clean
