LD_LIBRARY_PATH=.:/home/alex/.rbenv/versions/3.1.7/lib pkg-config --exists yaml-0.1
LD_LIBRARY_PATH=.:/home/alex/.rbenv/versions/3.1.7/lib pkg-config --libs yaml-0.1 |
=> "-lyaml\n"
LD_LIBRARY_PATH=.:/home/alex/.rbenv/versions/3.1.7/lib "gcc -o conftest -I/home/alex/.rbenv/versions/3.1.7/include/ruby-3.1.0/x86_64-linux -I/home/alex/.rbenv/versions/3.1.7/include/ruby-3.1.0/ruby/backward -I/home/alex/.rbenv/versions/3.1.7/include/ruby-3.1.0 -I.    -O3 -fno-fast-math -ggdb3 -Wall -Wextra -Wdeprecated-declarations -Wduplicated-cond -Wimplicit-function-declaration -Wimplicit-int -Wmisleading-indentation -Wpointer-arith -Wwrite-strings -Wold-style-definition -Wimplicit-fallthrough=0 -Wmissing-noreturn -Wno-cast-function-type -Wno-constant-logical-operand -Wno-long-long -Wno-missing-field-initializers -Wno-overlength-strings -Wno-packed-bitfield-compat -Wno-parentheses-equality -Wno-self-assign -Wno-tautological-compare -Wno-unused-parameter -Wno-unused-value -Wsuggest-attribute=format -Wsuggest-attribute=noreturn -Wunused-variable -Wundef  -fPIC conftest.c  -L. -L/home/alex/.rbenv/versions/3.1.7/lib -Wl,-rpath,/home/alex/.rbenv/versions/3.1.7/lib -L. -fstack-protector-strong -rdynamic -Wl,-export-dynamic -Wl,--no-as-needed     -Wl,-rpath,/home/alex/.rbenv/versions/3.1.7/lib -L/home/alex/.rbenv/versions/3.1.7/lib -lruby  -lm  -lc"
checked program was:
/* begin */
1: #include "ruby.h"
2: 
3: int main(int argc, char **argv)
4: {
5:   return !!argv[argc];
6: }
/* end */

LD_LIBRARY_PATH=.:/home/alex/.rbenv/versions/3.1.7/lib "gcc -o conftest -I/home/alex/.rbenv/versions/3.1.7/include/ruby-3.1.0/x86_64-linux -I/home/alex/.rbenv/versions/3.1.7/include/ruby-3.1.0/ruby/backward -I/home/alex/.rbenv/versions/3.1.7/include/ruby-3.1.0 -I.    -O3 -fno-fast-math -ggdb3 -Wall -Wextra -Wdeprecated-declarations -Wduplicated-cond -Wimplicit-function-declaration -Wimplicit-int -Wmisleading-indentation -Wpointer-arith -Wwrite-strings -Wold-style-definition -Wimplicit-fallthrough=0 -Wmissing-noreturn -Wno-cast-function-type -Wno-constant-logical-operand -Wno-long-long -Wno-missing-field-initializers -Wno-overlength-strings -Wno-packed-bitfield-compat -Wno-parentheses-equality -Wno-self-assign -Wno-tautological-compare -Wno-unused-parameter -Wno-unused-value -Wsuggest-attribute=format -Wsuggest-attribute=noreturn -Wunused-variable -Wundef  -fPIC conftest.c  -L. -L/home/alex/.rbenv/versions/3.1.7/lib -Wl,-rpath,/home/alex/.rbenv/versions/3.1.7/lib -L. -fstack-protector-strong -rdynamic -Wl,-export-dynamic -Wl,--no-as-needed     -Wl,-rpath,/home/alex/.rbenv/versions/3.1.7/lib -L/home/alex/.rbenv/versions/3.1.7/lib -lruby -lyaml -lm  -lc"
checked program was:
/* begin */
1: #include "ruby.h"
2: 
3: int main(int argc, char **argv)
4: {
5:   return !!argv[argc];
6: }
/* end */

LD_LIBRARY_PATH=.:/home/alex/.rbenv/versions/3.1.7/lib pkg-config --cflags-only-I yaml-0.1 |
=> "\n"
LD_LIBRARY_PATH=.:/home/alex/.rbenv/versions/3.1.7/lib pkg-config --cflags-only-other yaml-0.1 |
=> "\n"
LD_LIBRARY_PATH=.:/home/alex/.rbenv/versions/3.1.7/lib pkg-config --libs-only-l yaml-0.1 |
=> "-lyaml\n"
package configuration for yaml-0.1
incflags: 
cflags: 
ldflags: 
libs: -lyaml

